Archive member included because of file (symbol)

c:/program files (x86)/atmel/atmel toolchain/avr8 gcc/native/3.4.1056/avr8-gnu-toolchain/bin/../lib/gcc/avr/4.8.1/avrxmega2\libgcc.a(_udivmodsi4.o)
                              src/ASF/xmega/drivers/usart/usart.o (__udivmodsi4)
c:/program files (x86)/atmel/atmel toolchain/avr8 gcc/native/3.4.1056/avr8-gnu-toolchain/bin/../lib/gcc/avr/4.8.1/avrxmega2\libgcc.a(_exit.o)
                              c:/program files (x86)/atmel/atmel toolchain/avr8 gcc/native/3.4.1056/avr8-gnu-toolchain/bin/../lib/gcc/avr/4.8.1/../../../../avr/lib/avrxmega2/crtx32e5.o (exit)
c:/program files (x86)/atmel/atmel toolchain/avr8 gcc/native/3.4.1056/avr8-gnu-toolchain/bin/../lib/gcc/avr/4.8.1/avrxmega2\libgcc.a(_copy_data.o)
                              src/ASF/common/services/sleepmgr/xmega/sleepmgr.o (__do_copy_data)
c:/program files (x86)/atmel/atmel toolchain/avr8 gcc/native/3.4.1056/avr8-gnu-toolchain/bin/../lib/gcc/avr/4.8.1/avrxmega2\libgcc.a(_clear_bss.o)
                              src/ASF/common/services/sleepmgr/xmega/sleepmgr.o (__do_clear_bss)

Allocating common symbols
Common symbol       size              file

b2                  0x1               src/main.o
up                  0x1               src/main.o
b_time              0x1               src/main.o
b1                  0x1               src/main.o
right               0x1               src/main.o
msg                 0x5               src/main.o
left                0x1               src/main.o
b4                  0x1               src/main.o
b13                 0x1               src/main.o
b7                  0x1               src/main.o
down                0x1               src/main.o
t_time              0x1               src/main.o
sleepmgr_locks      0x6               src/ASF/common/services/sleepmgr/xmega/sleepmgr.o
b_data              0x1               src/main.o
b5                  0x1               src/main.o
b3                  0x1               src/main.o
b6                  0x1               src/main.o
t_data              0x1               src/main.o

Discarded input sections

 .bss           0x00000000        0x0 c:/program files (x86)/atmel/atmel toolchain/avr8 gcc/native/3.4.1056/avr8-gnu-toolchain/bin/../lib/gcc/avr/4.8.1/../../../../avr/lib/avrxmega2/crtx32e5.o
 .group         0x00000000        0x8 src/ASF/xmega/drivers/usart/usart.o
 .group         0x00000000        0x8 src/ASF/xmega/drivers/usart/usart.o
 .group         0x00000000        0x8 src/ASF/xmega/drivers/usart/usart.o
 .group         0x00000000        0x8 src/ASF/xmega/drivers/usart/usart.o
 .group         0x00000000        0x8 src/ASF/xmega/drivers/usart/usart.o
 .group         0x00000000        0x8 src/ASF/xmega/drivers/usart/usart.o
 .group         0x00000000        0x8 src/ASF/xmega/drivers/usart/usart.o
 .group         0x00000000        0x8 src/ASF/xmega/drivers/usart/usart.o
 .group         0x00000000        0x8 src/ASF/xmega/drivers/usart/usart.o
 .group         0x00000000        0x8 src/ASF/xmega/drivers/usart/usart.o
 .group         0x00000000        0x8 src/ASF/xmega/drivers/usart/usart.o
 .group         0x00000000        0x8 src/ASF/xmega/drivers/usart/usart.o
 .group         0x00000000        0x8 src/ASF/xmega/drivers/usart/usart.o
 .group         0x00000000        0x8 src/ASF/xmega/drivers/usart/usart.o
 .group         0x00000000        0x8 src/ASF/xmega/drivers/usart/usart.o
 .group         0x00000000        0x8 src/ASF/xmega/drivers/usart/usart.o
 .group         0x00000000        0x8 src/ASF/xmega/drivers/usart/usart.o
 .group         0x00000000        0x8 src/ASF/xmega/drivers/usart/usart.o
 .group         0x00000000        0x8 src/ASF/xmega/drivers/usart/usart.o
 .group         0x00000000        0x8 src/ASF/xmega/drivers/usart/usart.o
 .group         0x00000000        0x8 src/ASF/xmega/drivers/usart/usart.o
 .group         0x00000000        0x8 src/ASF/xmega/drivers/usart/usart.o
 .group         0x00000000        0x8 src/ASF/xmega/drivers/usart/usart.o
 .group         0x00000000        0x8 src/ASF/xmega/drivers/usart/usart.o
 .group         0x00000000        0x8 src/ASF/xmega/drivers/usart/usart.o
 .group         0x00000000        0x8 src/ASF/xmega/drivers/usart/usart.o
 .group         0x00000000        0x8 src/ASF/xmega/drivers/usart/usart.o
 .group         0x00000000        0x8 src/ASF/xmega/drivers/usart/usart.o
 .group         0x00000000        0x8 src/ASF/xmega/drivers/usart/usart.o
 .group         0x00000000        0x8 src/ASF/xmega/drivers/usart/usart.o
 .group         0x00000000        0x8 src/ASF/xmega/drivers/usart/usart.o
 .group         0x00000000        0x8 src/ASF/xmega/drivers/usart/usart.o
 .group         0x00000000        0x8 src/ASF/xmega/drivers/usart/usart.o
 .group         0x00000000        0x8 src/ASF/xmega/drivers/usart/usart.o
 .group         0x00000000        0x8 src/ASF/xmega/drivers/usart/usart.o
 .group         0x00000000        0x8 src/ASF/xmega/drivers/usart/usart.o
 .group         0x00000000        0x8 src/ASF/xmega/drivers/usart/usart.o
 .group         0x00000000        0x8 src/ASF/xmega/drivers/usart/usart.o
 .group         0x00000000        0x8 src/ASF/xmega/drivers/usart/usart.o
 .text          0x00000000        0x0 src/ASF/xmega/drivers/usart/usart.o
 .bss           0x00000000        0x0 src/ASF/xmega/drivers/usart/usart.o
 .text.usart_getchar
                0x00000000        0xc src/ASF/xmega/drivers/usart/usart.o
 .text.usart_set_bsel_bscale_value
                0x00000000       0x10 src/ASF/xmega/drivers/usart/usart.o
 .text.usart_set_baudrate_precalculated
                0x00000000       0xd0 src/ASF/xmega/drivers/usart/usart.o
 .text.usart_spi_set_baudrate
                0x00000000       0x64 src/ASF/xmega/drivers/usart/usart.o
 .text.usart_init_spi
                0x00000000      0x252 src/ASF/xmega/drivers/usart/usart.o
 .progmem.data.baudctrl_32mhz
                0x00000000        0xe src/ASF/xmega/drivers/usart/usart.o
 .progmem.data.baudctrl_2mhz
                0x00000000        0xe src/ASF/xmega/drivers/usart/usart.o
 .group         0x00000000        0x8 src/ASF/xmega/drivers/wdt/wdt.o
 .group         0x00000000        0x8 src/ASF/xmega/drivers/wdt/wdt.o
 .group         0x00000000        0x8 src/ASF/xmega/drivers/wdt/wdt.o
 .group         0x00000000        0x8 src/ASF/xmega/drivers/wdt/wdt.o
 .group         0x00000000        0x8 src/ASF/xmega/drivers/wdt/wdt.o
 .group         0x00000000        0x8 src/ASF/xmega/drivers/wdt/wdt.o
 .group         0x00000000        0x8 src/ASF/xmega/drivers/wdt/wdt.o
 .group         0x00000000        0x8 src/ASF/xmega/drivers/wdt/wdt.o
 .group         0x00000000        0x8 src/ASF/xmega/drivers/wdt/wdt.o
 .group         0x00000000        0x8 src/ASF/xmega/drivers/wdt/wdt.o
 .group         0x00000000        0x8 src/ASF/xmega/drivers/wdt/wdt.o
 .group         0x00000000        0x8 src/ASF/xmega/drivers/wdt/wdt.o
 .group         0x00000000        0x8 src/ASF/xmega/drivers/wdt/wdt.o
 .group         0x00000000        0x8 src/ASF/xmega/drivers/wdt/wdt.o
 .group         0x00000000        0x8 src/ASF/xmega/drivers/wdt/wdt.o
 .group         0x00000000        0x8 src/ASF/xmega/drivers/wdt/wdt.o
 .group         0x00000000        0x8 src/ASF/xmega/drivers/wdt/wdt.o
 .group         0x00000000        0x8 src/ASF/xmega/drivers/wdt/wdt.o
 .group         0x00000000        0x8 src/ASF/xmega/drivers/wdt/wdt.o
 .group         0x00000000        0x8 src/ASF/xmega/drivers/wdt/wdt.o
 .group         0x00000000        0x8 src/ASF/xmega/drivers/wdt/wdt.o
 .group         0x00000000        0x8 src/ASF/xmega/drivers/wdt/wdt.o
 .group         0x00000000        0x8 src/ASF/xmega/drivers/wdt/wdt.o
 .group         0x00000000        0x8 src/ASF/xmega/drivers/wdt/wdt.o
 .group         0x00000000        0x8 src/ASF/xmega/drivers/wdt/wdt.o
 .group         0x00000000        0x8 src/ASF/xmega/drivers/wdt/wdt.o
 .group         0x00000000        0x8 src/ASF/xmega/drivers/wdt/wdt.o
 .group         0x00000000        0x8 src/ASF/xmega/drivers/wdt/wdt.o
 .group         0x00000000        0x8 src/ASF/xmega/drivers/wdt/wdt.o
 .group         0x00000000        0x8 src/ASF/xmega/drivers/wdt/wdt.o
 .group         0x00000000        0x8 src/ASF/xmega/drivers/wdt/wdt.o
 .group         0x00000000        0x8 src/ASF/xmega/drivers/wdt/wdt.o
 .text          0x00000000        0x0 src/ASF/xmega/drivers/wdt/wdt.o
 .bss           0x00000000        0x0 src/ASF/xmega/drivers/wdt/wdt.o
 .text.wdt_set_window_period
                0x00000000       0x36 src/ASF/xmega/drivers/wdt/wdt.o
 .text.wdt_disable_window_mode
                0x00000000       0x22 src/ASF/xmega/drivers/wdt/wdt.o
 .text.wdt_enable_window_mode
                0x00000000       0x2e src/ASF/xmega/drivers/wdt/wdt.o
 .text.wdt_reset_mcu
                0x00000000       0x2c src/ASF/xmega/drivers/wdt/wdt.o
 .debug_macro   0x00000000      0xa36 src/ASF/xmega/drivers/wdt/wdt.o
 .debug_macro   0x00000000       0x10 src/ASF/xmega/drivers/wdt/wdt.o
 .debug_macro   0x00000000      0x1ad src/ASF/xmega/drivers/wdt/wdt.o
 .debug_macro   0x00000000       0x9e src/ASF/xmega/drivers/wdt/wdt.o
 .debug_macro   0x00000000     0x6220 src/ASF/xmega/drivers/wdt/wdt.o
 .debug_macro   0x00000000       0x9a src/ASF/xmega/drivers/wdt/wdt.o
 .debug_macro   0x00000000       0xf1 src/ASF/xmega/drivers/wdt/wdt.o
 .debug_macro   0x00000000       0x34 src/ASF/xmega/drivers/wdt/wdt.o
 .debug_macro   0x00000000       0x10 src/ASF/xmega/drivers/wdt/wdt.o
 .debug_macro   0x00000000       0x18 src/ASF/xmega/drivers/wdt/wdt.o
 .debug_macro   0x00000000       0x5e src/ASF/xmega/drivers/wdt/wdt.o
 .debug_macro   0x00000000       0x10 src/ASF/xmega/drivers/wdt/wdt.o
 .debug_macro   0x00000000       0x22 src/ASF/xmega/drivers/wdt/wdt.o
 .debug_macro   0x00000000      0x166 src/ASF/xmega/drivers/wdt/wdt.o
 .debug_macro   0x00000000       0x1c src/ASF/xmega/drivers/wdt/wdt.o
 .debug_macro   0x00000000       0x35 src/ASF/xmega/drivers/wdt/wdt.o
 .debug_macro   0x00000000       0x66 src/ASF/xmega/drivers/wdt/wdt.o
 .debug_macro   0x00000000      0x476 src/ASF/xmega/drivers/wdt/wdt.o
 .debug_macro   0x00000000       0x97 src/ASF/xmega/drivers/wdt/wdt.o
 .debug_macro   0x00000000       0x17 src/ASF/xmega/drivers/wdt/wdt.o
 .debug_macro   0x00000000      0x250 src/ASF/xmega/drivers/wdt/wdt.o
 .debug_macro   0x00000000       0x76 src/ASF/xmega/drivers/wdt/wdt.o
 .debug_macro   0x00000000       0x16 src/ASF/xmega/drivers/wdt/wdt.o
 .debug_macro   0x00000000      0x6e0 src/ASF/xmega/drivers/wdt/wdt.o
 .debug_macro   0x00000000       0x10 src/ASF/xmega/drivers/wdt/wdt.o
 .debug_macro   0x00000000      0x175 src/ASF/xmega/drivers/wdt/wdt.o
 .debug_macro   0x00000000       0x40 src/ASF/xmega/drivers/wdt/wdt.o
 .debug_macro   0x00000000       0x69 src/ASF/xmega/drivers/wdt/wdt.o
 .debug_macro   0x00000000       0x32 src/ASF/xmega/drivers/wdt/wdt.o
 .debug_macro   0x00000000       0xe4 src/ASF/xmega/drivers/wdt/wdt.o
 .group         0x00000000        0x8 src/ASF/common/services/sleepmgr/xmega/sleepmgr.o
 .group         0x00000000        0x8 src/ASF/common/services/sleepmgr/xmega/sleepmgr.o
 .group         0x00000000        0x8 src/ASF/common/services/sleepmgr/xmega/sleepmgr.o
 .group         0x00000000        0x8 src/ASF/common/services/sleepmgr/xmega/sleepmgr.o
 .group         0x00000000        0x8 src/ASF/common/services/sleepmgr/xmega/sleepmgr.o
 .group         0x00000000        0x8 src/ASF/common/services/sleepmgr/xmega/sleepmgr.o
 .group         0x00000000        0x8 src/ASF/common/services/sleepmgr/xmega/sleepmgr.o
 .group         0x00000000        0x8 src/ASF/common/services/sleepmgr/xmega/sleepmgr.o
 .group         0x00000000        0x8 src/ASF/common/services/sleepmgr/xmega/sleepmgr.o
 .group         0x00000000        0x8 src/ASF/common/services/sleepmgr/xmega/sleepmgr.o
 .group         0x00000000        0x8 src/ASF/common/services/sleepmgr/xmega/sleepmgr.o
 .group         0x00000000        0x8 src/ASF/common/services/sleepmgr/xmega/sleepmgr.o
 .group         0x00000000        0x8 src/ASF/common/services/sleepmgr/xmega/sleepmgr.o
 .group         0x00000000        0x8 src/ASF/common/services/sleepmgr/xmega/sleepmgr.o
 .group         0x00000000        0x8 src/ASF/common/services/sleepmgr/xmega/sleepmgr.o
 .group         0x00000000        0x8 src/ASF/common/services/sleepmgr/xmega/sleepmgr.o
 .group         0x00000000        0x8 src/ASF/common/services/sleepmgr/xmega/sleepmgr.o
 .group         0x00000000        0x8 src/ASF/common/services/sleepmgr/xmega/sleepmgr.o
 .group         0x00000000        0x8 src/ASF/common/services/sleepmgr/xmega/sleepmgr.o
 .group         0x00000000        0x8 src/ASF/common/services/sleepmgr/xmega/sleepmgr.o
 .group         0x00000000        0x8 src/ASF/common/services/sleepmgr/xmega/sleepmgr.o
 .group         0x00000000        0x8 src/ASF/common/services/sleepmgr/xmega/sleepmgr.o
 .group         0x00000000        0x8 src/ASF/common/services/sleepmgr/xmega/sleepmgr.o
 .group         0x00000000        0x8 src/ASF/common/services/sleepmgr/xmega/sleepmgr.o
 .group         0x00000000        0x8 src/ASF/common/services/sleepmgr/xmega/sleepmgr.o
 .group         0x00000000        0x8 src/ASF/common/services/sleepmgr/xmega/sleepmgr.o
 .group         0x00000000        0x8 src/ASF/common/services/sleepmgr/xmega/sleepmgr.o
 .group         0x00000000        0x8 src/ASF/common/services/sleepmgr/xmega/sleepmgr.o
 .group         0x00000000        0x8 src/ASF/common/services/sleepmgr/xmega/sleepmgr.o
 .group         0x00000000        0x8 src/ASF/common/services/sleepmgr/xmega/sleepmgr.o
 .group         0x00000000        0x8 src/ASF/common/services/sleepmgr/xmega/sleepmgr.o
 .group         0x00000000        0x8 src/ASF/common/services/sleepmgr/xmega/sleepmgr.o
 .group         0x00000000        0x8 src/ASF/common/services/sleepmgr/xmega/sleepmgr.o
 .text          0x00000000        0x0 src/ASF/common/services/sleepmgr/xmega/sleepmgr.o
 .bss           0x00000000        0x0 src/ASF/common/services/sleepmgr/xmega/sleepmgr.o
 .data.sleepmgr_configs
                0x00000000        0x6 src/ASF/common/services/sleepmgr/xmega/sleepmgr.o
 .debug_macro   0x00000000      0xa36 src/ASF/common/services/sleepmgr/xmega/sleepmgr.o
 .debug_macro   0x00000000       0x10 src/ASF/common/services/sleepmgr/xmega/sleepmgr.o
 .debug_macro   0x00000000      0x1ad src/ASF/common/services/sleepmgr/xmega/sleepmgr.o
 .debug_macro   0x00000000      0x293 src/ASF/common/services/sleepmgr/xmega/sleepmgr.o
 .debug_macro   0x00000000       0x9e src/ASF/common/services/sleepmgr/xmega/sleepmgr.o
 .debug_macro   0x00000000     0x6220 src/ASF/common/services/sleepmgr/xmega/sleepmgr.o
 .debug_macro   0x00000000       0x9a src/ASF/common/services/sleepmgr/xmega/sleepmgr.o
 .debug_macro   0x00000000       0xf1 src/ASF/common/services/sleepmgr/xmega/sleepmgr.o
 .debug_macro   0x00000000       0x34 src/ASF/common/services/sleepmgr/xmega/sleepmgr.o
 .debug_macro   0x00000000       0x10 src/ASF/common/services/sleepmgr/xmega/sleepmgr.o
 .debug_macro   0x00000000       0x18 src/ASF/common/services/sleepmgr/xmega/sleepmgr.o
 .debug_macro   0x00000000       0x5e src/ASF/common/services/sleepmgr/xmega/sleepmgr.o
 .debug_macro   0x00000000       0x10 src/ASF/common/services/sleepmgr/xmega/sleepmgr.o
 .debug_macro   0x00000000       0x22 src/ASF/common/services/sleepmgr/xmega/sleepmgr.o
 .debug_macro   0x00000000      0x166 src/ASF/common/services/sleepmgr/xmega/sleepmgr.o
 .debug_macro   0x00000000       0x1c src/ASF/common/services/sleepmgr/xmega/sleepmgr.o
 .debug_macro   0x00000000       0x35 src/ASF/common/services/sleepmgr/xmega/sleepmgr.o
 .debug_macro   0x00000000       0x66 src/ASF/common/services/sleepmgr/xmega/sleepmgr.o
 .debug_macro   0x00000000      0x476 src/ASF/common/services/sleepmgr/xmega/sleepmgr.o
 .debug_macro   0x00000000       0x97 src/ASF/common/services/sleepmgr/xmega/sleepmgr.o
 .debug_macro   0x00000000       0x17 src/ASF/common/services/sleepmgr/xmega/sleepmgr.o
 .debug_macro   0x00000000      0x250 src/ASF/common/services/sleepmgr/xmega/sleepmgr.o
 .debug_macro   0x00000000       0x76 src/ASF/common/services/sleepmgr/xmega/sleepmgr.o
 .debug_macro   0x00000000       0x16 src/ASF/common/services/sleepmgr/xmega/sleepmgr.o
 .debug_macro   0x00000000      0x6e0 src/ASF/common/services/sleepmgr/xmega/sleepmgr.o
 .debug_macro   0x00000000       0x10 src/ASF/common/services/sleepmgr/xmega/sleepmgr.o
 .debug_macro   0x00000000      0x175 src/ASF/common/services/sleepmgr/xmega/sleepmgr.o
 .debug_macro   0x00000000       0x40 src/ASF/common/services/sleepmgr/xmega/sleepmgr.o
 .debug_macro   0x00000000       0x69 src/ASF/common/services/sleepmgr/xmega/sleepmgr.o
 .debug_macro   0x00000000       0x32 src/ASF/common/services/sleepmgr/xmega/sleepmgr.o
 .debug_macro   0x00000000       0xe4 src/ASF/common/services/sleepmgr/xmega/sleepmgr.o
 .group         0x00000000        0x8 src/ASF/common/services/serial/usart_serial.o
 .group         0x00000000        0x8 src/ASF/common/services/serial/usart_serial.o
 .group         0x00000000        0x8 src/ASF/common/services/serial/usart_serial.o
 .group         0x00000000        0x8 src/ASF/common/services/serial/usart_serial.o
 .group         0x00000000        0x8 src/ASF/common/services/serial/usart_serial.o
 .group         0x00000000        0x8 src/ASF/common/services/serial/usart_serial.o
 .group         0x00000000        0x8 src/ASF/common/services/serial/usart_serial.o
 .group         0x00000000        0x8 src/ASF/common/services/serial/usart_serial.o
 .group         0x00000000        0x8 src/ASF/common/services/serial/usart_serial.o
 .group         0x00000000        0x8 src/ASF/common/services/serial/usart_serial.o
 .group         0x00000000        0x8 src/ASF/common/services/serial/usart_serial.o
 .group         0x00000000        0x8 src/ASF/common/services/serial/usart_serial.o
 .group         0x00000000        0x8 src/ASF/common/services/serial/usart_serial.o
 .group         0x00000000        0x8 src/ASF/common/services/serial/usart_serial.o
 .group         0x00000000        0x8 src/ASF/common/services/serial/usart_serial.o
 .group         0x00000000        0x8 src/ASF/common/services/serial/usart_serial.o
 .group         0x00000000        0x8 src/ASF/common/services/serial/usart_serial.o
 .group         0x00000000        0x8 src/ASF/common/services/serial/usart_serial.o
 .group         0x00000000        0x8 src/ASF/common/services/serial/usart_serial.o
 .group         0x00000000        0x8 src/ASF/common/services/serial/usart_serial.o
 .group         0x00000000        0x8 src/ASF/common/services/serial/usart_serial.o
 .group         0x00000000        0x8 src/ASF/common/services/serial/usart_serial.o
 .group         0x00000000        0x8 src/ASF/common/services/serial/usart_serial.o
 .group         0x00000000        0x8 src/ASF/common/services/serial/usart_serial.o
 .group         0x00000000        0x8 src/ASF/common/services/serial/usart_serial.o
 .group         0x00000000        0x8 src/ASF/common/services/serial/usart_serial.o
 .group         0x00000000        0x8 src/ASF/common/services/serial/usart_serial.o
 .group         0x00000000        0x8 src/ASF/common/services/serial/usart_serial.o
 .group         0x00000000        0x8 src/ASF/common/services/serial/usart_serial.o
 .group         0x00000000        0x8 src/ASF/common/services/serial/usart_serial.o
 .group         0x00000000        0x8 src/ASF/common/services/serial/usart_serial.o
 .group         0x00000000        0x8 src/ASF/common/services/serial/usart_serial.o
 .group         0x00000000        0x8 src/ASF/common/services/serial/usart_serial.o
 .group         0x00000000        0x8 src/ASF/common/services/serial/usart_serial.o
 .group         0x00000000        0x8 src/ASF/common/services/serial/usart_serial.o
 .group         0x00000000        0x8 src/ASF/common/services/serial/usart_serial.o
 .group         0x00000000        0x8 src/ASF/common/services/serial/usart_serial.o
 .group         0x00000000        0x8 src/ASF/common/services/serial/usart_serial.o
 .text          0x00000000        0x0 src/ASF/common/services/serial/usart_serial.o
 .bss           0x00000000        0x0 src/ASF/common/services/serial/usart_serial.o
 .text.usart_serial_write_packet
                0x00000000       0x38 src/ASF/common/services/serial/usart_serial.o
 .text.usart_serial_read_packet
                0x00000000       0x38 src/ASF/common/services/serial/usart_serial.o
 .debug_macro   0x00000000      0xa36 src/ASF/common/services/serial/usart_serial.o
 .debug_macro   0x00000000      0x476 src/ASF/common/services/serial/usart_serial.o
 .debug_macro   0x00000000       0x10 src/ASF/common/services/serial/usart_serial.o
 .debug_macro   0x00000000      0x1ad src/ASF/common/services/serial/usart_serial.o
 .debug_macro   0x00000000      0x293 src/ASF/common/services/serial/usart_serial.o
 .debug_macro   0x00000000       0x9e src/ASF/common/services/serial/usart_serial.o
 .debug_macro   0x00000000     0x6220 src/ASF/common/services/serial/usart_serial.o
 .debug_macro   0x00000000       0x9a src/ASF/common/services/serial/usart_serial.o
 .debug_macro   0x00000000       0xf1 src/ASF/common/services/serial/usart_serial.o
 .debug_macro   0x00000000       0x34 src/ASF/common/services/serial/usart_serial.o
 .debug_macro   0x00000000       0x10 src/ASF/common/services/serial/usart_serial.o
 .debug_macro   0x00000000       0x18 src/ASF/common/services/serial/usart_serial.o
 .debug_macro   0x00000000       0x5e src/ASF/common/services/serial/usart_serial.o
 .debug_macro   0x00000000       0x10 src/ASF/common/services/serial/usart_serial.o
 .debug_macro   0x00000000       0x22 src/ASF/common/services/serial/usart_serial.o
 .debug_macro   0x00000000      0x166 src/ASF/common/services/serial/usart_serial.o
 .debug_macro   0x00000000       0x1c src/ASF/common/services/serial/usart_serial.o
 .debug_macro   0x00000000       0x35 src/ASF/common/services/serial/usart_serial.o
 .debug_macro   0x00000000       0x66 src/ASF/common/services/serial/usart_serial.o
 .debug_macro   0x00000000       0x97 src/ASF/common/services/serial/usart_serial.o
 .debug_macro   0x00000000       0x17 src/ASF/common/services/serial/usart_serial.o
 .debug_macro   0x00000000      0x250 src/ASF/common/services/serial/usart_serial.o
 .debug_macro   0x00000000       0x76 src/ASF/common/services/serial/usart_serial.o
 .debug_macro   0x00000000       0x16 src/ASF/common/services/serial/usart_serial.o
 .debug_macro   0x00000000      0x6e0 src/ASF/common/services/serial/usart_serial.o
 .debug_macro   0x00000000       0x10 src/ASF/common/services/serial/usart_serial.o
 .debug_macro   0x00000000      0x175 src/ASF/common/services/serial/usart_serial.o
 .debug_macro   0x00000000       0x40 src/ASF/common/services/serial/usart_serial.o
 .debug_macro   0x00000000       0x69 src/ASF/common/services/serial/usart_serial.o
 .debug_macro   0x00000000       0x32 src/ASF/common/services/serial/usart_serial.o
 .debug_macro   0x00000000       0xe4 src/ASF/common/services/serial/usart_serial.o
 .debug_macro   0x00000000       0x1c src/ASF/common/services/serial/usart_serial.o
 .debug_macro   0x00000000      0x229 src/ASF/common/services/serial/usart_serial.o
 .debug_macro   0x00000000       0x6c src/ASF/common/services/serial/usart_serial.o
 .debug_macro   0x00000000       0x2f src/ASF/common/services/serial/usart_serial.o
 .debug_macro   0x00000000      0x169 src/ASF/common/services/serial/usart_serial.o
 .debug_macro   0x00000000       0x34 src/ASF/common/services/serial/usart_serial.o
 .group         0x00000000        0x8 src/ASF/common/services/ioport/xmega/ioport_compat.o
 .group         0x00000000        0x8 src/ASF/common/services/ioport/xmega/ioport_compat.o
 .group         0x00000000        0x8 src/ASF/common/services/ioport/xmega/ioport_compat.o
 .group         0x00000000        0x8 src/ASF/common/services/ioport/xmega/ioport_compat.o
 .group         0x00000000        0x8 src/ASF/common/services/ioport/xmega/ioport_compat.o
 .group         0x00000000        0x8 src/ASF/common/services/ioport/xmega/ioport_compat.o
 .group         0x00000000        0x8 src/ASF/common/services/ioport/xmega/ioport_compat.o
 .group         0x00000000        0x8 src/ASF/common/services/ioport/xmega/ioport_compat.o
 .group         0x00000000        0x8 src/ASF/common/services/ioport/xmega/ioport_compat.o
 .group         0x00000000        0x8 src/ASF/common/services/ioport/xmega/ioport_compat.o
 .group         0x00000000        0x8 src/ASF/common/services/ioport/xmega/ioport_compat.o
 .group         0x00000000        0x8 src/ASF/common/services/ioport/xmega/ioport_compat.o
 .group         0x00000000        0x8 src/ASF/common/services/ioport/xmega/ioport_compat.o
 .group         0x00000000        0x8 src/ASF/common/services/ioport/xmega/ioport_compat.o
 .group         0x00000000        0x8 src/ASF/common/services/ioport/xmega/ioport_compat.o
 .group         0x00000000        0x8 src/ASF/common/services/ioport/xmega/ioport_compat.o
 .group         0x00000000        0x8 src/ASF/common/services/ioport/xmega/ioport_compat.o
 .group         0x00000000        0x8 src/ASF/common/services/ioport/xmega/ioport_compat.o
 .group         0x00000000        0x8 src/ASF/common/services/ioport/xmega/ioport_compat.o
 .group         0x00000000        0x8 src/ASF/common/services/ioport/xmega/ioport_compat.o
 .group         0x00000000        0x8 src/ASF/common/services/ioport/xmega/ioport_compat.o
 .group         0x00000000        0x8 src/ASF/common/services/ioport/xmega/ioport_compat.o
 .group         0x00000000        0x8 src/ASF/common/services/ioport/xmega/ioport_compat.o
 .group         0x00000000        0x8 src/ASF/common/services/ioport/xmega/ioport_compat.o
 .group         0x00000000        0x8 src/ASF/common/services/ioport/xmega/ioport_compat.o
 .group         0x00000000        0x8 src/ASF/common/services/ioport/xmega/ioport_compat.o
 .group         0x00000000        0x8 src/ASF/common/services/ioport/xmega/ioport_compat.o
 .group         0x00000000        0x8 src/ASF/common/services/ioport/xmega/ioport_compat.o
 .group         0x00000000        0x8 src/ASF/common/services/ioport/xmega/ioport_compat.o
 .group         0x00000000        0x8 src/ASF/common/services/ioport/xmega/ioport_compat.o
 .group         0x00000000        0x8 src/ASF/common/services/ioport/xmega/ioport_compat.o
 .group         0x00000000        0x8 src/ASF/common/services/ioport/xmega/ioport_compat.o
 .group         0x00000000        0x8 src/ASF/common/services/ioport/xmega/ioport_compat.o
 .text          0x00000000        0x0 src/ASF/common/services/ioport/xmega/ioport_compat.o
 .bss           0x00000000        0x0 src/ASF/common/services/ioport/xmega/ioport_compat.o
 .debug_macro   0x00000000      0xa36 src/ASF/common/services/ioport/xmega/ioport_compat.o
 .debug_macro   0x00000000      0x476 src/ASF/common/services/ioport/xmega/ioport_compat.o
 .debug_macro   0x00000000       0x10 src/ASF/common/services/ioport/xmega/ioport_compat.o
 .debug_macro   0x00000000      0x1ad src/ASF/common/services/ioport/xmega/ioport_compat.o
 .debug_macro   0x00000000      0x293 src/ASF/common/services/ioport/xmega/ioport_compat.o
 .debug_macro   0x00000000       0x9e src/ASF/common/services/ioport/xmega/ioport_compat.o
 .debug_macro   0x00000000     0x6220 src/ASF/common/services/ioport/xmega/ioport_compat.o
 .debug_macro   0x00000000       0x9a src/ASF/common/services/ioport/xmega/ioport_compat.o
 .debug_macro   0x00000000       0xf1 src/ASF/common/services/ioport/xmega/ioport_compat.o
 .debug_macro   0x00000000       0x34 src/ASF/common/services/ioport/xmega/ioport_compat.o
 .debug_macro   0x00000000       0x10 src/ASF/common/services/ioport/xmega/ioport_compat.o
 .debug_macro   0x00000000       0x18 src/ASF/common/services/ioport/xmega/ioport_compat.o
 .debug_macro   0x00000000       0x5e src/ASF/common/services/ioport/xmega/ioport_compat.o
 .debug_macro   0x00000000       0x10 src/ASF/common/services/ioport/xmega/ioport_compat.o
 .debug_macro   0x00000000       0x22 src/ASF/common/services/ioport/xmega/ioport_compat.o
 .debug_macro   0x00000000      0x166 src/ASF/common/services/ioport/xmega/ioport_compat.o
 .debug_macro   0x00000000       0x1c src/ASF/common/services/ioport/xmega/ioport_compat.o
 .debug_macro   0x00000000       0x35 src/ASF/common/services/ioport/xmega/ioport_compat.o
 .debug_macro   0x00000000       0x66 src/ASF/common/services/ioport/xmega/ioport_compat.o
 .debug_macro   0x00000000       0x97 src/ASF/common/services/ioport/xmega/ioport_compat.o
 .debug_macro   0x00000000       0x17 src/ASF/common/services/ioport/xmega/ioport_compat.o
 .debug_macro   0x00000000      0x250 src/ASF/common/services/ioport/xmega/ioport_compat.o
 .debug_macro   0x00000000       0x76 src/ASF/common/services/ioport/xmega/ioport_compat.o
 .debug_macro   0x00000000       0x16 src/ASF/common/services/ioport/xmega/ioport_compat.o
 .debug_macro   0x00000000      0x6e0 src/ASF/common/services/ioport/xmega/ioport_compat.o
 .debug_macro   0x00000000       0x10 src/ASF/common/services/ioport/xmega/ioport_compat.o
 .debug_macro   0x00000000      0x175 src/ASF/common/services/ioport/xmega/ioport_compat.o
 .debug_macro   0x00000000       0x40 src/ASF/common/services/ioport/xmega/ioport_compat.o
 .debug_macro   0x00000000       0x69 src/ASF/common/services/ioport/xmega/ioport_compat.o
 .debug_macro   0x00000000       0x32 src/ASF/common/services/ioport/xmega/ioport_compat.o
 .debug_macro   0x00000000       0xe4 src/ASF/common/services/ioport/xmega/ioport_compat.o
 .debug_macro   0x00000000       0x7c src/ASF/common/services/ioport/xmega/ioport_compat.o
 .debug_macro   0x00000000      0x10f src/ASF/common/services/ioport/xmega/ioport_compat.o
 .group         0x00000000        0x8 src/ASF/common/services/clock/xmega/sysclk.o
 .group         0x00000000        0x8 src/ASF/common/services/clock/xmega/sysclk.o
 .group         0x00000000        0x8 src/ASF/common/services/clock/xmega/sysclk.o
 .group         0x00000000        0x8 src/ASF/common/services/clock/xmega/sysclk.o
 .group         0x00000000        0x8 src/ASF/common/services/clock/xmega/sysclk.o
 .group         0x00000000        0x8 src/ASF/common/services/clock/xmega/sysclk.o
 .group         0x00000000        0x8 src/ASF/common/services/clock/xmega/sysclk.o
 .group         0x00000000        0x8 src/ASF/common/services/clock/xmega/sysclk.o
 .group         0x00000000        0x8 src/ASF/common/services/clock/xmega/sysclk.o
 .group         0x00000000        0x8 src/ASF/common/services/clock/xmega/sysclk.o
 .group         0x00000000        0x8 src/ASF/common/services/clock/xmega/sysclk.o
 .group         0x00000000        0x8 src/ASF/common/services/clock/xmega/sysclk.o
 .group         0x00000000        0x8 src/ASF/common/services/clock/xmega/sysclk.o
 .group         0x00000000        0x8 src/ASF/common/services/clock/xmega/sysclk.o
 .group         0x00000000        0x8 src/ASF/common/services/clock/xmega/sysclk.o
 .group         0x00000000        0x8 src/ASF/common/services/clock/xmega/sysclk.o
 .group         0x00000000        0x8 src/ASF/common/services/clock/xmega/sysclk.o
 .group         0x00000000        0x8 src/ASF/common/services/clock/xmega/sysclk.o
 .group         0x00000000        0x8 src/ASF/common/services/clock/xmega/sysclk.o
 .group         0x00000000        0x8 src/ASF/common/services/clock/xmega/sysclk.o
 .group         0x00000000        0x8 src/ASF/common/services/clock/xmega/sysclk.o
 .group         0x00000000        0x8 src/ASF/common/services/clock/xmega/sysclk.o
 .group         0x00000000        0x8 src/ASF/common/services/clock/xmega/sysclk.o
 .group         0x00000000        0x8 src/ASF/common/services/clock/xmega/sysclk.o
 .group         0x00000000        0x8 src/ASF/common/services/clock/xmega/sysclk.o
 .group         0x00000000        0x8 src/ASF/common/services/clock/xmega/sysclk.o
 .group         0x00000000        0x8 src/ASF/common/services/clock/xmega/sysclk.o
 .group         0x00000000        0x8 src/ASF/common/services/clock/xmega/sysclk.o
 .group         0x00000000        0x8 src/ASF/common/services/clock/xmega/sysclk.o
 .group         0x00000000        0x8 src/ASF/common/services/clock/xmega/sysclk.o
 .group         0x00000000        0x8 src/ASF/common/services/clock/xmega/sysclk.o
 .group         0x00000000        0x8 src/ASF/common/services/clock/xmega/sysclk.o
 .group         0x00000000        0x8 src/ASF/common/services/clock/xmega/sysclk.o
 .group         0x00000000        0x8 src/ASF/common/services/clock/xmega/sysclk.o
 .group         0x00000000        0x8 src/ASF/common/services/clock/xmega/sysclk.o
 .group         0x00000000        0x8 src/ASF/common/services/clock/xmega/sysclk.o
 .text          0x00000000        0x0 src/ASF/common/services/clock/xmega/sysclk.o
 .bss           0x00000000        0x0 src/ASF/common/services/clock/xmega/sysclk.o
 .text.sysclk_disable_module
                0x00000000       0x16 src/ASF/common/services/clock/xmega/sysclk.o
 .debug_macro   0x00000000      0xa36 src/ASF/common/services/clock/xmega/sysclk.o
 .debug_macro   0x00000000       0x10 src/ASF/common/services/clock/xmega/sysclk.o
 .debug_macro   0x00000000      0x1ad src/ASF/common/services/clock/xmega/sysclk.o
 .debug_macro   0x00000000      0x293 src/ASF/common/services/clock/xmega/sysclk.o
 .debug_macro   0x00000000       0x9e src/ASF/common/services/clock/xmega/sysclk.o
 .debug_macro   0x00000000     0x6220 src/ASF/common/services/clock/xmega/sysclk.o
 .debug_macro   0x00000000       0x9a src/ASF/common/services/clock/xmega/sysclk.o
 .debug_macro   0x00000000       0xf1 src/ASF/common/services/clock/xmega/sysclk.o
 .debug_macro   0x00000000       0x34 src/ASF/common/services/clock/xmega/sysclk.o
 .debug_macro   0x00000000       0x10 src/ASF/common/services/clock/xmega/sysclk.o
 .debug_macro   0x00000000       0x18 src/ASF/common/services/clock/xmega/sysclk.o
 .debug_macro   0x00000000       0x5e src/ASF/common/services/clock/xmega/sysclk.o
 .debug_macro   0x00000000       0x10 src/ASF/common/services/clock/xmega/sysclk.o
 .debug_macro   0x00000000       0x22 src/ASF/common/services/clock/xmega/sysclk.o
 .debug_macro   0x00000000      0x166 src/ASF/common/services/clock/xmega/sysclk.o
 .debug_macro   0x00000000       0x1c src/ASF/common/services/clock/xmega/sysclk.o
 .debug_macro   0x00000000       0x35 src/ASF/common/services/clock/xmega/sysclk.o
 .debug_macro   0x00000000       0x66 src/ASF/common/services/clock/xmega/sysclk.o
 .debug_macro   0x00000000      0x476 src/ASF/common/services/clock/xmega/sysclk.o
 .debug_macro   0x00000000       0x97 src/ASF/common/services/clock/xmega/sysclk.o
 .debug_macro   0x00000000       0x17 src/ASF/common/services/clock/xmega/sysclk.o
 .debug_macro   0x00000000      0x250 src/ASF/common/services/clock/xmega/sysclk.o
 .debug_macro   0x00000000       0x76 src/ASF/common/services/clock/xmega/sysclk.o
 .debug_macro   0x00000000       0x16 src/ASF/common/services/clock/xmega/sysclk.o
 .debug_macro   0x00000000      0x6e0 src/ASF/common/services/clock/xmega/sysclk.o
 .debug_macro   0x00000000       0x10 src/ASF/common/services/clock/xmega/sysclk.o
 .debug_macro   0x00000000      0x175 src/ASF/common/services/clock/xmega/sysclk.o
 .debug_macro   0x00000000       0x40 src/ASF/common/services/clock/xmega/sysclk.o
 .debug_macro   0x00000000       0x69 src/ASF/common/services/clock/xmega/sysclk.o
 .debug_macro   0x00000000       0x32 src/ASF/common/services/clock/xmega/sysclk.o
 .debug_macro   0x00000000       0xe4 src/ASF/common/services/clock/xmega/sysclk.o
 .debug_macro   0x00000000       0x1c src/ASF/common/services/clock/xmega/sysclk.o
 .debug_macro   0x00000000      0x229 src/ASF/common/services/clock/xmega/sysclk.o
 .debug_macro   0x00000000       0x6c src/ASF/common/services/clock/xmega/sysclk.o
 .debug_macro   0x00000000       0x2f src/ASF/common/services/clock/xmega/sysclk.o
 .debug_macro   0x00000000      0x169 src/ASF/common/services/clock/xmega/sysclk.o
 .group         0x00000000        0x8 src/ASF/xmega/drivers/tc45/tc45.o
 .group         0x00000000        0x8 src/ASF/xmega/drivers/tc45/tc45.o
 .group         0x00000000        0x8 src/ASF/xmega/drivers/tc45/tc45.o
 .group         0x00000000        0x8 src/ASF/xmega/drivers/tc45/tc45.o
 .group         0x00000000        0x8 src/ASF/xmega/drivers/tc45/tc45.o
 .group         0x00000000        0x8 src/ASF/xmega/drivers/tc45/tc45.o
 .group         0x00000000        0x8 src/ASF/xmega/drivers/tc45/tc45.o
 .group         0x00000000        0x8 src/ASF/xmega/drivers/tc45/tc45.o
 .group         0x00000000        0x8 src/ASF/xmega/drivers/tc45/tc45.o
 .group         0x00000000        0x8 src/ASF/xmega/drivers/tc45/tc45.o
 .group         0x00000000        0x8 src/ASF/xmega/drivers/tc45/tc45.o
 .group         0x00000000        0x8 src/ASF/xmega/drivers/tc45/tc45.o
 .group         0x00000000        0x8 src/ASF/xmega/drivers/tc45/tc45.o
 .group         0x00000000        0x8 src/ASF/xmega/drivers/tc45/tc45.o
 .group         0x00000000        0x8 src/ASF/xmega/drivers/tc45/tc45.o
 .group         0x00000000        0x8 src/ASF/xmega/drivers/tc45/tc45.o
 .group         0x00000000        0x8 src/ASF/xmega/drivers/tc45/tc45.o
 .group         0x00000000        0x8 src/ASF/xmega/drivers/tc45/tc45.o
 .group         0x00000000        0x8 src/ASF/xmega/drivers/tc45/tc45.o
 .group         0x00000000        0x8 src/ASF/xmega/drivers/tc45/tc45.o
 .group         0x00000000        0x8 src/ASF/xmega/drivers/tc45/tc45.o
 .group         0x00000000        0x8 src/ASF/xmega/drivers/tc45/tc45.o
 .group         0x00000000        0x8 src/ASF/xmega/drivers/tc45/tc45.o
 .group         0x00000000        0x8 src/ASF/xmega/drivers/tc45/tc45.o
 .group         0x00000000        0x8 src/ASF/xmega/drivers/tc45/tc45.o
 .group         0x00000000        0x8 src/ASF/xmega/drivers/tc45/tc45.o
 .group         0x00000000        0x8 src/ASF/xmega/drivers/tc45/tc45.o
 .group         0x00000000        0x8 src/ASF/xmega/drivers/tc45/tc45.o
 .group         0x00000000        0x8 src/ASF/xmega/drivers/tc45/tc45.o
 .group         0x00000000        0x8 src/ASF/xmega/drivers/tc45/tc45.o
 .group         0x00000000        0x8 src/ASF/xmega/drivers/tc45/tc45.o
 .group         0x00000000        0x8 src/ASF/xmega/drivers/tc45/tc45.o
 .group         0x00000000        0x8 src/ASF/xmega/drivers/tc45/tc45.o
 .group         0x00000000        0x8 src/ASF/xmega/drivers/tc45/tc45.o
 .group         0x00000000        0x8 src/ASF/xmega/drivers/tc45/tc45.o
 .group         0x00000000        0x8 src/ASF/xmega/drivers/tc45/tc45.o
 .group         0x00000000        0x8 src/ASF/xmega/drivers/tc45/tc45.o
 .group         0x00000000        0x8 src/ASF/xmega/drivers/tc45/tc45.o
 .group         0x00000000        0x8 src/ASF/xmega/drivers/tc45/tc45.o
 .group         0x00000000        0x8 src/ASF/xmega/drivers/tc45/tc45.o
 .group         0x00000000        0x8 src/ASF/xmega/drivers/tc45/tc45.o
 .group         0x00000000        0x8 src/ASF/xmega/drivers/tc45/tc45.o
 .group         0x00000000        0x8 src/ASF/xmega/drivers/tc45/tc45.o
 .group         0x00000000        0x8 src/ASF/xmega/drivers/tc45/tc45.o
 .group         0x00000000        0x8 src/ASF/xmega/drivers/tc45/tc45.o
 .group         0x00000000        0x8 src/ASF/xmega/drivers/tc45/tc45.o
 .text          0x00000000        0x0 src/ASF/xmega/drivers/tc45/tc45.o
 .bss           0x00000000        0x0 src/ASF/xmega/drivers/tc45/tc45.o
 .text.tc45_disable
                0x00000000       0x70 src/ASF/xmega/drivers/tc45/tc45.o
 .text.tc45_set_error_interrupt_callback
                0x00000000       0x34 src/ASF/xmega/drivers/tc45/tc45.o
 .text.tc45_set_cca_interrupt_callback
                0x00000000       0x34 src/ASF/xmega/drivers/tc45/tc45.o
 .text.tc45_set_ccb_interrupt_callback
                0x00000000       0x34 src/ASF/xmega/drivers/tc45/tc45.o
 .text.tc45_set_ccc_interrupt_callback
                0x00000000       0x10 src/ASF/xmega/drivers/tc45/tc45.o
 .text.tc45_set_ccd_interrupt_callback
                0x00000000       0x10 src/ASF/xmega/drivers/tc45/tc45.o
 .debug_macro   0x00000000      0xa36 src/ASF/xmega/drivers/tc45/tc45.o
 .debug_macro   0x00000000      0x1ad src/ASF/xmega/drivers/tc45/tc45.o
 .debug_macro   0x00000000       0x10 src/ASF/xmega/drivers/tc45/tc45.o
 .debug_macro   0x00000000      0x299 src/ASF/xmega/drivers/tc45/tc45.o
 .debug_macro   0x00000000       0x9e src/ASF/xmega/drivers/tc45/tc45.o
 .debug_macro   0x00000000     0x6220 src/ASF/xmega/drivers/tc45/tc45.o
 .debug_macro   0x00000000       0x9a src/ASF/xmega/drivers/tc45/tc45.o
 .debug_macro   0x00000000       0xf1 src/ASF/xmega/drivers/tc45/tc45.o
 .debug_macro   0x00000000       0x34 src/ASF/xmega/drivers/tc45/tc45.o
 .debug_macro   0x00000000       0x10 src/ASF/xmega/drivers/tc45/tc45.o
 .debug_macro   0x00000000       0x18 src/ASF/xmega/drivers/tc45/tc45.o
 .debug_macro   0x00000000       0x5e src/ASF/xmega/drivers/tc45/tc45.o
 .debug_macro   0x00000000       0x10 src/ASF/xmega/drivers/tc45/tc45.o
 .debug_macro   0x00000000       0x22 src/ASF/xmega/drivers/tc45/tc45.o
 .debug_macro   0x00000000      0x166 src/ASF/xmega/drivers/tc45/tc45.o
 .debug_macro   0x00000000       0x1c src/ASF/xmega/drivers/tc45/tc45.o
 .debug_macro   0x00000000       0x35 src/ASF/xmega/drivers/tc45/tc45.o
 .debug_macro   0x00000000       0x66 src/ASF/xmega/drivers/tc45/tc45.o
 .debug_macro   0x00000000      0x476 src/ASF/xmega/drivers/tc45/tc45.o
 .debug_macro   0x00000000       0x97 src/ASF/xmega/drivers/tc45/tc45.o
 .debug_macro   0x00000000       0x17 src/ASF/xmega/drivers/tc45/tc45.o
 .debug_macro   0x00000000      0x250 src/ASF/xmega/drivers/tc45/tc45.o
 .debug_macro   0x00000000       0x76 src/ASF/xmega/drivers/tc45/tc45.o
 .debug_macro   0x00000000       0x16 src/ASF/xmega/drivers/tc45/tc45.o
 .debug_macro   0x00000000      0x6e0 src/ASF/xmega/drivers/tc45/tc45.o
 .debug_macro   0x00000000       0x10 src/ASF/xmega/drivers/tc45/tc45.o
 .debug_macro   0x00000000      0x175 src/ASF/xmega/drivers/tc45/tc45.o
 .debug_macro   0x00000000       0x40 src/ASF/xmega/drivers/tc45/tc45.o
 .debug_macro   0x00000000       0x69 src/ASF/xmega/drivers/tc45/tc45.o
 .debug_macro   0x00000000       0x32 src/ASF/xmega/drivers/tc45/tc45.o
 .debug_macro   0x00000000       0xe4 src/ASF/xmega/drivers/tc45/tc45.o
 .debug_macro   0x00000000       0x7c src/ASF/xmega/drivers/tc45/tc45.o
 .debug_macro   0x00000000      0x10f src/ASF/xmega/drivers/tc45/tc45.o
 .debug_macro   0x00000000      0x229 src/ASF/xmega/drivers/tc45/tc45.o
 .debug_macro   0x00000000       0x5e src/ASF/xmega/drivers/tc45/tc45.o
 .debug_macro   0x00000000       0x10 src/ASF/xmega/drivers/tc45/tc45.o
 .debug_macro   0x00000000       0x1c src/ASF/xmega/drivers/tc45/tc45.o
 .debug_macro   0x00000000       0x6c src/ASF/xmega/drivers/tc45/tc45.o
 .debug_macro   0x00000000       0x2f src/ASF/xmega/drivers/tc45/tc45.o
 .debug_macro   0x00000000      0x169 src/ASF/xmega/drivers/tc45/tc45.o
 .debug_macro   0x00000000       0x28 src/ASF/xmega/drivers/tc45/tc45.o
 .debug_macro   0x00000000       0x11 src/ASF/xmega/drivers/tc45/tc45.o
 .text          0x00000000        0x0 src/ASF/xmega/drivers/cpu/ccp.o
 .bss           0x00000000        0x0 src/ASF/xmega/drivers/cpu/ccp.o
 .group         0x00000000        0x8 src/ASF/common/boards/user_board/init.o
 .group         0x00000000        0x8 src/ASF/common/boards/user_board/init.o
 .group         0x00000000        0x8 src/ASF/common/boards/user_board/init.o
 .group         0x00000000        0x8 src/ASF/common/boards/user_board/init.o
 .group         0x00000000        0x8 src/ASF/common/boards/user_board/init.o
 .group         0x00000000        0x8 src/ASF/common/boards/user_board/init.o
 .group         0x00000000        0x8 src/ASF/common/boards/user_board/init.o
 .group         0x00000000        0x8 src/ASF/common/boards/user_board/init.o
 .group         0x00000000        0x8 src/ASF/common/boards/user_board/init.o
 .group         0x00000000        0x8 src/ASF/common/boards/user_board/init.o
 .group         0x00000000        0x8 src/ASF/common/boards/user_board/init.o
 .group         0x00000000        0x8 src/ASF/common/boards/user_board/init.o
 .group         0x00000000        0x8 src/ASF/common/boards/user_board/init.o
 .group         0x00000000        0x8 src/ASF/common/boards/user_board/init.o
 .group         0x00000000        0x8 src/ASF/common/boards/user_board/init.o
 .group         0x00000000        0x8 src/ASF/common/boards/user_board/init.o
 .group         0x00000000        0x8 src/ASF/common/boards/user_board/init.o
 .group         0x00000000        0x8 src/ASF/common/boards/user_board/init.o
 .group         0x00000000        0x8 src/ASF/common/boards/user_board/init.o
 .group         0x00000000        0x8 src/ASF/common/boards/user_board/init.o
 .group         0x00000000        0x8 src/ASF/common/boards/user_board/init.o
 .group         0x00000000        0x8 src/ASF/common/boards/user_board/init.o
 .group         0x00000000        0x8 src/ASF/common/boards/user_board/init.o
 .group         0x00000000        0x8 src/ASF/common/boards/user_board/init.o
 .group         0x00000000        0x8 src/ASF/common/boards/user_board/init.o
 .group         0x00000000        0x8 src/ASF/common/boards/user_board/init.o
 .group         0x00000000        0x8 src/ASF/common/boards/user_board/init.o
 .group         0x00000000        0x8 src/ASF/common/boards/user_board/init.o
 .group         0x00000000        0x8 src/ASF/common/boards/user_board/init.o
 .group         0x00000000        0x8 src/ASF/common/boards/user_board/init.o
 .group         0x00000000        0x8 src/ASF/common/boards/user_board/init.o
 .group         0x00000000        0x8 src/ASF/common/boards/user_board/init.o
 .group         0x00000000        0x8 src/ASF/common/boards/user_board/init.o
 .group         0x00000000        0x8 src/ASF/common/boards/user_board/init.o
 .group         0x00000000        0x8 src/ASF/common/boards/user_board/init.o
 .group         0x00000000        0x8 src/ASF/common/boards/user_board/init.o
 .group         0x00000000        0x8 src/ASF/common/boards/user_board/init.o
 .group         0x00000000        0x8 src/ASF/common/boards/user_board/init.o
 .group         0x00000000        0x8 src/ASF/common/boards/user_board/init.o
 .group         0x00000000        0x8 src/ASF/common/boards/user_board/init.o
 .group         0x00000000        0x8 src/ASF/common/boards/user_board/init.o
 .group         0x00000000        0x8 src/ASF/common/boards/user_board/init.o
 .group         0x00000000        0x8 src/ASF/common/boards/user_board/init.o
 .group         0x00000000        0x8 src/ASF/common/boards/user_board/init.o
 .group         0x00000000        0x8 src/ASF/common/boards/user_board/init.o
 .group         0x00000000        0x8 src/ASF/common/boards/user_board/init.o
 .text          0x00000000        0x0 src/ASF/common/boards/user_board/init.o
 .bss           0x00000000        0x0 src/ASF/common/boards/user_board/init.o
 .text.board_init
                0x00000000        0x2 src/ASF/common/boards/user_board/init.o
 .debug_macro   0x00000000      0xa36 src/ASF/common/boards/user_board/init.o
 .debug_macro   0x00000000       0x10 src/ASF/common/boards/user_board/init.o
 .debug_macro   0x00000000      0x1ad src/ASF/common/boards/user_board/init.o
 .debug_macro   0x00000000      0x293 src/ASF/common/boards/user_board/init.o
 .debug_macro   0x00000000       0x9e src/ASF/common/boards/user_board/init.o
 .debug_macro   0x00000000     0x6220 src/ASF/common/boards/user_board/init.o
 .debug_macro   0x00000000       0x9a src/ASF/common/boards/user_board/init.o
 .debug_macro   0x00000000       0xf1 src/ASF/common/boards/user_board/init.o
 .debug_macro   0x00000000       0x34 src/ASF/common/boards/user_board/init.o
 .debug_macro   0x00000000       0x10 src/ASF/common/boards/user_board/init.o
 .debug_macro   0x00000000       0x18 src/ASF/common/boards/user_board/init.o
 .debug_macro   0x00000000       0x5e src/ASF/common/boards/user_board/init.o
 .debug_macro   0x00000000       0x10 src/ASF/common/boards/user_board/init.o
 .debug_macro   0x00000000       0x22 src/ASF/common/boards/user_board/init.o
 .debug_macro   0x00000000      0x166 src/ASF/common/boards/user_board/init.o
 .debug_macro   0x00000000       0x1c src/ASF/common/boards/user_board/init.o
 .debug_macro   0x00000000       0x35 src/ASF/common/boards/user_board/init.o
 .debug_macro   0x00000000       0x66 src/ASF/common/boards/user_board/init.o
 .debug_macro   0x00000000      0x476 src/ASF/common/boards/user_board/init.o
 .debug_macro   0x00000000       0x97 src/ASF/common/boards/user_board/init.o
 .debug_macro   0x00000000       0x17 src/ASF/common/boards/user_board/init.o
 .debug_macro   0x00000000      0x250 src/ASF/common/boards/user_board/init.o
 .debug_macro   0x00000000       0x76 src/ASF/common/boards/user_board/init.o
 .debug_macro   0x00000000       0x16 src/ASF/common/boards/user_board/init.o
 .debug_macro   0x00000000      0x6e0 src/ASF/common/boards/user_board/init.o
 .debug_macro   0x00000000       0x10 src/ASF/common/boards/user_board/init.o
 .debug_macro   0x00000000      0x175 src/ASF/common/boards/user_board/init.o
 .debug_macro   0x00000000       0x40 src/ASF/common/boards/user_board/init.o
 .debug_macro   0x00000000       0x69 src/ASF/common/boards/user_board/init.o
 .debug_macro   0x00000000       0x32 src/ASF/common/boards/user_board/init.o
 .debug_macro   0x00000000       0xe4 src/ASF/common/boards/user_board/init.o
 .debug_macro   0x00000000       0x34 src/ASF/common/boards/user_board/init.o
 .debug_macro   0x00000000       0x7c src/ASF/common/boards/user_board/init.o
 .debug_macro   0x00000000      0x10f src/ASF/common/boards/user_board/init.o
 .debug_macro   0x00000000       0x40 src/ASF/common/boards/user_board/init.o
 .debug_macro   0x00000000      0x229 src/ASF/common/boards/user_board/init.o
 .debug_macro   0x00000000       0x5e src/ASF/common/boards/user_board/init.o
 .debug_macro   0x00000000       0x10 src/ASF/common/boards/user_board/init.o
 .debug_macro   0x00000000       0x1c src/ASF/common/boards/user_board/init.o
 .debug_macro   0x00000000       0x6c src/ASF/common/boards/user_board/init.o
 .debug_macro   0x00000000       0x2f src/ASF/common/boards/user_board/init.o
 .debug_macro   0x00000000      0x169 src/ASF/common/boards/user_board/init.o
 .debug_macro   0x00000000       0x5a src/ASF/common/boards/user_board/init.o
 .debug_macro   0x00000000       0x3a src/ASF/common/boards/user_board/init.o
 .debug_macro   0x00000000       0x28 src/ASF/common/boards/user_board/init.o
 .debug_macro   0x00000000       0x11 src/ASF/common/boards/user_board/init.o
 .group         0x00000000        0x8 src/main.o
 .group         0x00000000        0x8 src/main.o
 .group         0x00000000        0x8 src/main.o
 .group         0x00000000        0x8 src/main.o
 .group         0x00000000        0x8 src/main.o
 .group         0x00000000        0x8 src/main.o
 .group         0x00000000        0x8 src/main.o
 .group         0x00000000        0x8 src/main.o
 .group         0x00000000        0x8 src/main.o
 .group         0x00000000        0x8 src/main.o
 .group         0x00000000        0x8 src/main.o
 .group         0x00000000        0x8 src/main.o
 .group         0x00000000        0x8 src/main.o
 .group         0x00000000        0x8 src/main.o
 .group         0x00000000        0x8 src/main.o
 .group         0x00000000        0x8 src/main.o
 .group         0x00000000        0x8 src/main.o
 .group         0x00000000        0x8 src/main.o
 .group         0x00000000        0x8 src/main.o
 .group         0x00000000        0x8 src/main.o
 .group         0x00000000        0x8 src/main.o
 .group         0x00000000        0x8 src/main.o
 .group         0x00000000        0x8 src/main.o
 .group         0x00000000        0x8 src/main.o
 .group         0x00000000        0x8 src/main.o
 .group         0x00000000        0x8 src/main.o
 .group         0x00000000        0x8 src/main.o
 .group         0x00000000        0x8 src/main.o
 .group         0x00000000        0x8 src/main.o
 .group         0x00000000        0x8 src/main.o
 .group         0x00000000        0x8 src/main.o
 .group         0x00000000        0x8 src/main.o
 .group         0x00000000        0x8 src/main.o
 .group         0x00000000        0x8 src/main.o
 .group         0x00000000        0x8 src/main.o
 .group         0x00000000        0x8 src/main.o
 .group         0x00000000        0x8 src/main.o
 .group         0x00000000        0x8 src/main.o
 .group         0x00000000        0x8 src/main.o
 .group         0x00000000        0x8 src/main.o
 .group         0x00000000        0x8 src/main.o
 .group         0x00000000        0x8 src/main.o
 .group         0x00000000        0x8 src/main.o
 .group         0x00000000        0x8 src/main.o
 .group         0x00000000        0x8 src/main.o
 .group         0x00000000        0x8 src/main.o
 .text          0x00000000        0x0 src/main.o
 .bss           0x00000000        0x0 src/main.o
 .bss.setting   0x00000000        0x1 src/main.o
 .data.speedtimelimit
                0x00000000        0x2 src/main.o
 .data.sleeptime
                0x00000000        0x2 src/main.o
 .data.debouncetimer
                0x00000000        0x2 src/main.o
 .bss.b7co      0x00000000        0x2 src/main.o
 .bss.b6co      0x00000000        0x2 src/main.o
 .bss.b5co      0x00000000        0x2 src/main.o
 .bss.b4co      0x00000000        0x2 src/main.o
 .bss.b3co      0x00000000        0x2 src/main.o
 .bss.b2co      0x00000000        0x2 src/main.o
 .bss.b1co      0x00000000        0x2 src/main.o
 .debug_macro   0x00000000      0xa36 src/main.o
 .debug_macro   0x00000000       0x10 src/main.o
 .debug_macro   0x00000000      0x1ad src/main.o
 .debug_macro   0x00000000      0x293 src/main.o
 .debug_macro   0x00000000       0x9e src/main.o
 .debug_macro   0x00000000     0x6220 src/main.o
 .debug_macro   0x00000000       0x9a src/main.o
 .debug_macro   0x00000000       0xf1 src/main.o
 .debug_macro   0x00000000       0x34 src/main.o
 .debug_macro   0x00000000       0x10 src/main.o
 .debug_macro   0x00000000       0x18 src/main.o
 .debug_macro   0x00000000       0x5e src/main.o
 .debug_macro   0x00000000       0x10 src/main.o
 .debug_macro   0x00000000       0x22 src/main.o
 .debug_macro   0x00000000      0x166 src/main.o
 .debug_macro   0x00000000       0x1c src/main.o
 .debug_macro   0x00000000       0x35 src/main.o
 .debug_macro   0x00000000       0x66 src/main.o
 .debug_macro   0x00000000      0x476 src/main.o
 .debug_macro   0x00000000       0x97 src/main.o
 .debug_macro   0x00000000       0x17 src/main.o
 .debug_macro   0x00000000      0x250 src/main.o
 .debug_macro   0x00000000       0x76 src/main.o
 .debug_macro   0x00000000       0x16 src/main.o
 .debug_macro   0x00000000      0x6e0 src/main.o
 .debug_macro   0x00000000       0x10 src/main.o
 .debug_macro   0x00000000      0x175 src/main.o
 .debug_macro   0x00000000       0x40 src/main.o
 .debug_macro   0x00000000       0x69 src/main.o
 .debug_macro   0x00000000       0x32 src/main.o
 .debug_macro   0x00000000       0xe4 src/main.o
 .debug_macro   0x00000000       0x34 src/main.o
 .debug_macro   0x00000000       0x7c src/main.o
 .debug_macro   0x00000000      0x10f src/main.o
 .debug_macro   0x00000000       0x40 src/main.o
 .debug_macro   0x00000000      0x229 src/main.o
 .debug_macro   0x00000000       0x5e src/main.o
 .debug_macro   0x00000000       0x10 src/main.o
 .debug_macro   0x00000000       0x1c src/main.o
 .debug_macro   0x00000000       0x6c src/main.o
 .debug_macro   0x00000000       0x2f src/main.o
 .debug_macro   0x00000000      0x169 src/main.o
 .debug_macro   0x00000000       0x5a src/main.o
 .debug_macro   0x00000000       0x3a src/main.o
 .debug_macro   0x00000000       0x28 src/main.o
 .debug_macro   0x00000000       0x11 src/main.o
 .text          0x00000000        0x0 c:/program files (x86)/atmel/atmel toolchain/avr8 gcc/native/3.4.1056/avr8-gnu-toolchain/bin/../lib/gcc/avr/4.8.1/avrxmega2\libgcc.a(_udivmodsi4.o)
 .bss           0x00000000        0x0 c:/program files (x86)/atmel/atmel toolchain/avr8 gcc/native/3.4.1056/avr8-gnu-toolchain/bin/../lib/gcc/avr/4.8.1/avrxmega2\libgcc.a(_udivmodsi4.o)
 .text.libgcc.mul
                0x00000000        0x0 c:/program files (x86)/atmel/atmel toolchain/avr8 gcc/native/3.4.1056/avr8-gnu-toolchain/bin/../lib/gcc/avr/4.8.1/avrxmega2\libgcc.a(_udivmodsi4.o)
 .text.libgcc   0x00000000        0x0 c:/program files (x86)/atmel/atmel toolchain/avr8 gcc/native/3.4.1056/avr8-gnu-toolchain/bin/../lib/gcc/avr/4.8.1/avrxmega2\libgcc.a(_udivmodsi4.o)
 .text.libgcc.prologue
                0x00000000        0x0 c:/program files (x86)/atmel/atmel toolchain/avr8 gcc/native/3.4.1056/avr8-gnu-toolchain/bin/../lib/gcc/avr/4.8.1/avrxmega2\libgcc.a(_udivmodsi4.o)
 .text.libgcc.builtins
                0x00000000        0x0 c:/program files (x86)/atmel/atmel toolchain/avr8 gcc/native/3.4.1056/avr8-gnu-toolchain/bin/../lib/gcc/avr/4.8.1/avrxmega2\libgcc.a(_udivmodsi4.o)
 .text.libgcc.fmul
                0x00000000        0x0 c:/program files (x86)/atmel/atmel toolchain/avr8 gcc/native/3.4.1056/avr8-gnu-toolchain/bin/../lib/gcc/avr/4.8.1/avrxmega2\libgcc.a(_udivmodsi4.o)
 .text.libgcc.fixed
                0x00000000        0x0 c:/program files (x86)/atmel/atmel toolchain/avr8 gcc/native/3.4.1056/avr8-gnu-toolchain/bin/../lib/gcc/avr/4.8.1/avrxmega2\libgcc.a(_udivmodsi4.o)
 .text          0x00000000        0x0 c:/program files (x86)/atmel/atmel toolchain/avr8 gcc/native/3.4.1056/avr8-gnu-toolchain/bin/../lib/gcc/avr/4.8.1/avrxmega2\libgcc.a(_exit.o)
 .bss           0x00000000        0x0 c:/program files (x86)/atmel/atmel toolchain/avr8 gcc/native/3.4.1056/avr8-gnu-toolchain/bin/../lib/gcc/avr/4.8.1/avrxmega2\libgcc.a(_exit.o)
 .text.libgcc.mul
                0x00000000        0x0 c:/program files (x86)/atmel/atmel toolchain/avr8 gcc/native/3.4.1056/avr8-gnu-toolchain/bin/../lib/gcc/avr/4.8.1/avrxmega2\libgcc.a(_exit.o)
 .text.libgcc.div
                0x00000000        0x0 c:/program files (x86)/atmel/atmel toolchain/avr8 gcc/native/3.4.1056/avr8-gnu-toolchain/bin/../lib/gcc/avr/4.8.1/avrxmega2\libgcc.a(_exit.o)
 .text.libgcc   0x00000000        0x0 c:/program files (x86)/atmel/atmel toolchain/avr8 gcc/native/3.4.1056/avr8-gnu-toolchain/bin/../lib/gcc/avr/4.8.1/avrxmega2\libgcc.a(_exit.o)
 .text.libgcc.prologue
                0x00000000        0x0 c:/program files (x86)/atmel/atmel toolchain/avr8 gcc/native/3.4.1056/avr8-gnu-toolchain/bin/../lib/gcc/avr/4.8.1/avrxmega2\libgcc.a(_exit.o)
 .text.libgcc.builtins
                0x00000000        0x0 c:/program files (x86)/atmel/atmel toolchain/avr8 gcc/native/3.4.1056/avr8-gnu-toolchain/bin/../lib/gcc/avr/4.8.1/avrxmega2\libgcc.a(_exit.o)
 .text.libgcc.fmul
                0x00000000        0x0 c:/program files (x86)/atmel/atmel toolchain/avr8 gcc/native/3.4.1056/avr8-gnu-toolchain/bin/../lib/gcc/avr/4.8.1/avrxmega2\libgcc.a(_exit.o)
 .text.libgcc.fixed
                0x00000000        0x0 c:/program files (x86)/atmel/atmel toolchain/avr8 gcc/native/3.4.1056/avr8-gnu-toolchain/bin/../lib/gcc/avr/4.8.1/avrxmega2\libgcc.a(_exit.o)
 .text          0x00000000        0x0 c:/program files (x86)/atmel/atmel toolchain/avr8 gcc/native/3.4.1056/avr8-gnu-toolchain/bin/../lib/gcc/avr/4.8.1/avrxmega2\libgcc.a(_copy_data.o)
 .bss           0x00000000        0x0 c:/program files (x86)/atmel/atmel toolchain/avr8 gcc/native/3.4.1056/avr8-gnu-toolchain/bin/../lib/gcc/avr/4.8.1/avrxmega2\libgcc.a(_copy_data.o)
 .text.libgcc.mul
                0x00000000        0x0 c:/program files (x86)/atmel/atmel toolchain/avr8 gcc/native/3.4.1056/avr8-gnu-toolchain/bin/../lib/gcc/avr/4.8.1/avrxmega2\libgcc.a(_copy_data.o)
 .text.libgcc.div
                0x00000000        0x0 c:/program files (x86)/atmel/atmel toolchain/avr8 gcc/native/3.4.1056/avr8-gnu-toolchain/bin/../lib/gcc/avr/4.8.1/avrxmega2\libgcc.a(_copy_data.o)
 .text.libgcc   0x00000000        0x0 c:/program files (x86)/atmel/atmel toolchain/avr8 gcc/native/3.4.1056/avr8-gnu-toolchain/bin/../lib/gcc/avr/4.8.1/avrxmega2\libgcc.a(_copy_data.o)
 .text.libgcc.prologue
                0x00000000        0x0 c:/program files (x86)/atmel/atmel toolchain/avr8 gcc/native/3.4.1056/avr8-gnu-toolchain/bin/../lib/gcc/avr/4.8.1/avrxmega2\libgcc.a(_copy_data.o)
 .text.libgcc.builtins
                0x00000000        0x0 c:/program files (x86)/atmel/atmel toolchain/avr8 gcc/native/3.4.1056/avr8-gnu-toolchain/bin/../lib/gcc/avr/4.8.1/avrxmega2\libgcc.a(_copy_data.o)
 .text.libgcc.fmul
                0x00000000        0x0 c:/program files (x86)/atmel/atmel toolchain/avr8 gcc/native/3.4.1056/avr8-gnu-toolchain/bin/../lib/gcc/avr/4.8.1/avrxmega2\libgcc.a(_copy_data.o)
 .text.libgcc.fixed
                0x00000000        0x0 c:/program files (x86)/atmel/atmel toolchain/avr8 gcc/native/3.4.1056/avr8-gnu-toolchain/bin/../lib/gcc/avr/4.8.1/avrxmega2\libgcc.a(_copy_data.o)
 .text          0x00000000        0x0 c:/program files (x86)/atmel/atmel toolchain/avr8 gcc/native/3.4.1056/avr8-gnu-toolchain/bin/../lib/gcc/avr/4.8.1/avrxmega2\libgcc.a(_clear_bss.o)
 .bss           0x00000000        0x0 c:/program files (x86)/atmel/atmel toolchain/avr8 gcc/native/3.4.1056/avr8-gnu-toolchain/bin/../lib/gcc/avr/4.8.1/avrxmega2\libgcc.a(_clear_bss.o)
 .text.libgcc.mul
                0x00000000        0x0 c:/program files (x86)/atmel/atmel toolchain/avr8 gcc/native/3.4.1056/avr8-gnu-toolchain/bin/../lib/gcc/avr/4.8.1/avrxmega2\libgcc.a(_clear_bss.o)
 .text.libgcc.div
                0x00000000        0x0 c:/program files (x86)/atmel/atmel toolchain/avr8 gcc/native/3.4.1056/avr8-gnu-toolchain/bin/../lib/gcc/avr/4.8.1/avrxmega2\libgcc.a(_clear_bss.o)
 .text.libgcc   0x00000000        0x0 c:/program files (x86)/atmel/atmel toolchain/avr8 gcc/native/3.4.1056/avr8-gnu-toolchain/bin/../lib/gcc/avr/4.8.1/avrxmega2\libgcc.a(_clear_bss.o)
 .text.libgcc.prologue
                0x00000000        0x0 c:/program files (x86)/atmel/atmel toolchain/avr8 gcc/native/3.4.1056/avr8-gnu-toolchain/bin/../lib/gcc/avr/4.8.1/avrxmega2\libgcc.a(_clear_bss.o)
 .text.libgcc.builtins
                0x00000000        0x0 c:/program files (x86)/atmel/atmel toolchain/avr8 gcc/native/3.4.1056/avr8-gnu-toolchain/bin/../lib/gcc/avr/4.8.1/avrxmega2\libgcc.a(_clear_bss.o)
 .text.libgcc.fmul
                0x00000000        0x0 c:/program files (x86)/atmel/atmel toolchain/avr8 gcc/native/3.4.1056/avr8-gnu-toolchain/bin/../lib/gcc/avr/4.8.1/avrxmega2\libgcc.a(_clear_bss.o)
 .text.libgcc.fixed
                0x00000000        0x0 c:/program files (x86)/atmel/atmel toolchain/avr8 gcc/native/3.4.1056/avr8-gnu-toolchain/bin/../lib/gcc/avr/4.8.1/avrxmega2\libgcc.a(_clear_bss.o)

Memory Configuration

Name             Origin             Length             Attributes
text             0x00000000         0x00100000         xr
data             0x00802000         0x0000ffa0         rw !x
eeprom           0x00810000         0x00010000         rw !x
fuse             0x00820000         0x00000400         rw !x
lock             0x00830000         0x00000400         rw !x
signature        0x00840000         0x00000400         rw !x
user_signatures  0x00850000         0x00000400         rw !x
*default*        0x00000000         0xffffffff

Linker script and memory map

LOAD c:/program files (x86)/atmel/atmel toolchain/avr8 gcc/native/3.4.1056/avr8-gnu-toolchain/bin/../lib/gcc/avr/4.8.1/../../../../avr/lib/avrxmega2/crtx32e5.o
LOAD src/ASF/xmega/drivers/usart/usart.o
LOAD src/ASF/xmega/drivers/wdt/wdt.o
LOAD src/ASF/common/services/sleepmgr/xmega/sleepmgr.o
LOAD src/ASF/common/services/serial/usart_serial.o
LOAD src/ASF/common/services/ioport/xmega/ioport_compat.o
LOAD src/ASF/common/services/clock/xmega/sysclk.o
LOAD src/ASF/xmega/drivers/tc45/tc45.o
LOAD src/ASF/xmega/drivers/cpu/ccp.o
LOAD src/ASF/common/boards/user_board/init.o
LOAD src/main.o
START GROUP
LOAD c:/program files (x86)/atmel/atmel toolchain/avr8 gcc/native/3.4.1056/avr8-gnu-toolchain/bin/../lib/gcc/avr/4.8.1/../../../../avr/lib/avrxmega2\libm.a
END GROUP
START GROUP
LOAD c:/program files (x86)/atmel/atmel toolchain/avr8 gcc/native/3.4.1056/avr8-gnu-toolchain/bin/../lib/gcc/avr/4.8.1/avrxmega2\libgcc.a
LOAD c:/program files (x86)/atmel/atmel toolchain/avr8 gcc/native/3.4.1056/avr8-gnu-toolchain/bin/../lib/gcc/avr/4.8.1/../../../../avr/lib/avrxmega2\libm.a
LOAD c:/program files (x86)/atmel/atmel toolchain/avr8 gcc/native/3.4.1056/avr8-gnu-toolchain/bin/../lib/gcc/avr/4.8.1/../../../../avr/lib/avrxmega2\libc.a
END GROUP

.hash
 *(.hash)

.dynsym
 *(.dynsym)

.dynstr
 *(.dynstr)

.gnu.version
 *(.gnu.version)

.gnu.version_d
 *(.gnu.version_d)

.gnu.version_r
 *(.gnu.version_r)

.rel.init
 *(.rel.init)

.rela.init
 *(.rela.init)

.rel.text
 *(.rel.text)
 *(.rel.text.*)
 *(.rel.gnu.linkonce.t*)

.rela.text
 *(.rela.text)
 *(.rela.text.*)
 *(.rela.gnu.linkonce.t*)

.rel.fini
 *(.rel.fini)

.rela.fini
 *(.rela.fini)

.rel.rodata
 *(.rel.rodata)
 *(.rel.rodata.*)
 *(.rel.gnu.linkonce.r*)

.rela.rodata
 *(.rela.rodata)
 *(.rela.rodata.*)
 *(.rela.gnu.linkonce.r*)

.rel.data
 *(.rel.data)
 *(.rel.data.*)
 *(.rel.gnu.linkonce.d*)

.rela.data
 *(.rela.data)
 *(.rela.data.*)
 *(.rela.gnu.linkonce.d*)

.rel.ctors
 *(.rel.ctors)

.rela.ctors
 *(.rela.ctors)

.rel.dtors
 *(.rel.dtors)

.rela.dtors
 *(.rela.dtors)

.rel.got
 *(.rel.got)

.rela.got
 *(.rela.got)

.rel.bss
 *(.rel.bss)

.rela.bss
 *(.rela.bss)

.rel.plt
 *(.rel.plt)

.rela.plt
 *(.rela.plt)

.text           0x00000000     0x1950
 *(.vectors)
 .vectors       0x00000000       0xac c:/program files (x86)/atmel/atmel toolchain/avr8 gcc/native/3.4.1056/avr8-gnu-toolchain/bin/../lib/gcc/avr/4.8.1/../../../../avr/lib/avrxmega2/crtx32e5.o
                0x00000000                __vector_default
                0x00000000                __vectors
 *(.vectors)
 *(.progmem.gcc*)
                0x000000ac                . = ALIGN (0x2)
                0x000000ac                __trampolines_start = .
 *(.trampolines)
 .trampolines   0x000000ac        0x0 linker stubs
 *(.trampolines*)
                0x000000ac                __trampolines_end = .
 *(.progmem*)
                0x000000ac                . = ALIGN (0x2)
 *(.jumptables)
 *(.jumptables*)
 *(.lowtext)
 *(.lowtext*)
                0x000000ac                __ctors_start = .
 *(.ctors)
                0x000000ac                __ctors_end = .
                0x000000ac                __dtors_start = .
 *(.dtors)
                0x000000ac                __dtors_end = .
 SORT(*)(.ctors)
 SORT(*)(.dtors)
 *(.init0)
 .init0         0x000000ac        0x0 c:/program files (x86)/atmel/atmel toolchain/avr8 gcc/native/3.4.1056/avr8-gnu-toolchain/bin/../lib/gcc/avr/4.8.1/../../../../avr/lib/avrxmega2/crtx32e5.o
                0x000000ac                __init
 *(.init0)
 *(.init1)
 *(.init1)
 *(.init2)
 .init2         0x000000ac        0xc c:/program files (x86)/atmel/atmel toolchain/avr8 gcc/native/3.4.1056/avr8-gnu-toolchain/bin/../lib/gcc/avr/4.8.1/../../../../avr/lib/avrxmega2/crtx32e5.o
 *(.init2)
 *(.init3)
 *(.init3)
 *(.init4)
 .init4         0x000000b8       0x16 c:/program files (x86)/atmel/atmel toolchain/avr8 gcc/native/3.4.1056/avr8-gnu-toolchain/bin/../lib/gcc/avr/4.8.1/avrxmega2\libgcc.a(_copy_data.o)
                0x000000b8                __do_copy_data
 .init4         0x000000ce       0x10 c:/program files (x86)/atmel/atmel toolchain/avr8 gcc/native/3.4.1056/avr8-gnu-toolchain/bin/../lib/gcc/avr/4.8.1/avrxmega2\libgcc.a(_clear_bss.o)
                0x000000ce                __do_clear_bss
 *(.init4)
 *(.init5)
 *(.init5)
 *(.init6)
 *(.init6)
 *(.init7)
 *(.init7)
 *(.init8)
 *(.init8)
 *(.init9)
 .init9         0x000000de        0x8 c:/program files (x86)/atmel/atmel toolchain/avr8 gcc/native/3.4.1056/avr8-gnu-toolchain/bin/../lib/gcc/avr/4.8.1/../../../../avr/lib/avrxmega2/crtx32e5.o
 *(.init9)
 *(.text)
 .text          0x000000e6        0x2 c:/program files (x86)/atmel/atmel toolchain/avr8 gcc/native/3.4.1056/avr8-gnu-toolchain/bin/../lib/gcc/avr/4.8.1/../../../../avr/lib/avrxmega2/crtx32e5.o
                0x000000e6                __vector_22
                0x000000e6                __vector_28
                0x000000e6                __vector_1
                0x000000e6                __vector_32
                0x000000e6                __vector_34
                0x000000e6                __vector_24
                0x000000e6                __bad_interrupt
                0x000000e6                __vector_6
                0x000000e6                __vector_31
                0x000000e6                __vector_35
                0x000000e6                __vector_3
                0x000000e6                __vector_23
                0x000000e6                __vector_25
                0x000000e6                __vector_11
                0x000000e6                __vector_7
                0x000000e6                __vector_41
                0x000000e6                __vector_27
                0x000000e6                __vector_5
                0x000000e6                __vector_33
                0x000000e6                __vector_4
                0x000000e6                __vector_2
                0x000000e6                __vector_29
                0x000000e6                __vector_40
                0x000000e6                __vector_8
                0x000000e6                __vector_26
                0x000000e6                __vector_10
                0x000000e6                __vector_42
                0x000000e8                . = ALIGN (0x2)
 *(.text.*)
 .text.usart_putchar
                0x000000e8       0x10 src/ASF/xmega/drivers/usart/usart.o
                0x000000e8                usart_putchar
 .text.usart_set_baudrate
                0x000000f8      0x214 src/ASF/xmega/drivers/usart/usart.o
                0x000000f8                usart_set_baudrate
 .text.usart_init_rs232
                0x0000030c      0x14a src/ASF/xmega/drivers/usart/usart.o
                0x0000030c                usart_init_rs232
 .text.wdt_set_timeout_period
                0x00000456       0x26 src/ASF/xmega/drivers/wdt/wdt.o
                0x00000456                wdt_set_timeout_period
 .text.wdt_disable
                0x0000047c       0x10 src/ASF/xmega/drivers/wdt/wdt.o
                0x0000047c                wdt_disable
 .text.wdt_enable
                0x0000048c       0x1a src/ASF/xmega/drivers/wdt/wdt.o
                0x0000048c                wdt_enable
 .text.ioport_configure_port_pin
                0x000004a6       0x50 src/ASF/common/services/ioport/xmega/ioport_compat.o
                0x000004a6                ioport_configure_port_pin
 .text.sysclk_init
                0x000004f6       0x20 src/ASF/common/services/clock/xmega/sysclk.o
                0x000004f6                sysclk_init
 .text.sysclk_enable_module
                0x00000516       0x18 src/ASF/common/services/clock/xmega/sysclk.o
                0x00000516                sysclk_enable_module
 .text.__vector_12
                0x0000052e       0x52 src/ASF/xmega/drivers/tc45/tc45.o
                0x0000052e                __vector_12
 .text.__vector_13
                0x00000580       0x52 src/ASF/xmega/drivers/tc45/tc45.o
                0x00000580                __vector_13
 .text.__vector_14
                0x000005d2       0x52 src/ASF/xmega/drivers/tc45/tc45.o
                0x000005d2                __vector_14
 .text.__vector_15
                0x00000624       0x52 src/ASF/xmega/drivers/tc45/tc45.o
                0x00000624                __vector_15
 .text.__vector_16
                0x00000676       0x52 src/ASF/xmega/drivers/tc45/tc45.o
                0x00000676                __vector_16
 .text.__vector_17
                0x000006c8       0x52 src/ASF/xmega/drivers/tc45/tc45.o
                0x000006c8                __vector_17
 .text.__vector_18
                0x0000071a       0x52 src/ASF/xmega/drivers/tc45/tc45.o
                0x0000071a                __vector_18
 .text.__vector_19
                0x0000076c       0x52 src/ASF/xmega/drivers/tc45/tc45.o
                0x0000076c                __vector_19
 .text.__vector_20
                0x000007be       0x52 src/ASF/xmega/drivers/tc45/tc45.o
                0x000007be                __vector_20
 .text.__vector_21
                0x00000810       0x52 src/ASF/xmega/drivers/tc45/tc45.o
                0x00000810                __vector_21
 .text.__vector_36
                0x00000862       0x52 src/ASF/xmega/drivers/tc45/tc45.o
                0x00000862                __vector_36
 .text.__vector_37
                0x000008b4       0x52 src/ASF/xmega/drivers/tc45/tc45.o
                0x000008b4                __vector_37
 .text.__vector_38
                0x00000906       0x52 src/ASF/xmega/drivers/tc45/tc45.o
                0x00000906                __vector_38
 .text.__vector_39
                0x00000958       0x52 src/ASF/xmega/drivers/tc45/tc45.o
                0x00000958                __vector_39
 .text.tc45_enable
                0x000009aa       0x64 src/ASF/xmega/drivers/tc45/tc45.o
                0x000009aa                tc45_enable
 .text.tc45_set_overflow_interrupt_callback
                0x00000a0e       0x34 src/ASF/xmega/drivers/tc45/tc45.o
                0x00000a0e                tc45_set_overflow_interrupt_callback
 .text.ccp_write_io
                0x00000a42        0xc src/ASF/xmega/drivers/cpu/ccp.o
                0x00000a42                ccp_write_io
 .text.sleep    0x00000a4e       0x28 src/main.o
                0x00000a4e                sleep
 .text.debouncer
                0x00000a76      0x3fe src/main.o
                0x00000a76                debouncer
 .text.my_callback
                0x00000e74       0x5c src/main.o
 .text.buttons_worker
                0x00000ed0      0x134 src/main.o
                0x00000ed0                buttons_worker
 .text.lock_worker
                0x00001004       0xc6 src/main.o
                0x00001004                lock_worker
 .text.buttons_dispatcher
                0x000010ca       0x62 src/main.o
                0x000010ca                buttons_dispatcher
 .text.huievent_decoder
                0x0000112c      0x5aa src/main.o
                0x0000112c                huievent_decoder
 .text.init_interrupts
                0x000016d6       0x40 src/main.o
                0x000016d6                init_interrupts
 .text.init     0x00001716      0x104 src/main.o
                0x00001716                init
 .text.main     0x0000181a       0x90 src/main.o
                0x0000181a                main
 .text.__vector_30
                0x000018aa       0x2a src/main.o
                0x000018aa                __vector_30
 .text.__vector_9
                0x000018d4       0x34 src/main.o
                0x000018d4                __vector_9
 .text.libgcc.div
                0x00001908       0x44 c:/program files (x86)/atmel/atmel toolchain/avr8 gcc/native/3.4.1056/avr8-gnu-toolchain/bin/../lib/gcc/avr/4.8.1/avrxmega2\libgcc.a(_udivmodsi4.o)
                0x00001908                __udivmodsi4
                0x0000194c                . = ALIGN (0x2)
 *(.fini9)
 .fini9         0x0000194c        0x0 c:/program files (x86)/atmel/atmel toolchain/avr8 gcc/native/3.4.1056/avr8-gnu-toolchain/bin/../lib/gcc/avr/4.8.1/avrxmega2\libgcc.a(_exit.o)
                0x0000194c                _exit
                0x0000194c                exit
 *(.fini9)
 *(.fini8)
 *(.fini8)
 *(.fini7)
 *(.fini7)
 *(.fini6)
 *(.fini6)
 *(.fini5)
 *(.fini5)
 *(.fini4)
 *(.fini4)
 *(.fini3)
 *(.fini3)
 *(.fini2)
 *(.fini2)
 *(.fini1)
 *(.fini1)
 *(.fini0)
 .fini0         0x0000194c        0x4 c:/program files (x86)/atmel/atmel toolchain/avr8 gcc/native/3.4.1056/avr8-gnu-toolchain/bin/../lib/gcc/avr/4.8.1/avrxmega2\libgcc.a(_exit.o)
 *(.fini0)
                0x00001950                _etext = .

.data           0x00802000        0xe load address 0x00001950
                0x00802000                PROVIDE (__data_start, .)
 *(.data)
 .data          0x00802000        0x0 c:/program files (x86)/atmel/atmel toolchain/avr8 gcc/native/3.4.1056/avr8-gnu-toolchain/bin/../lib/gcc/avr/4.8.1/../../../../avr/lib/avrxmega2/crtx32e5.o
 .data          0x00802000        0x0 src/ASF/xmega/drivers/usart/usart.o
 .data          0x00802000        0x0 src/ASF/xmega/drivers/wdt/wdt.o
 .data          0x00802000        0x0 src/ASF/common/services/sleepmgr/xmega/sleepmgr.o
 .data          0x00802000        0x0 src/ASF/common/services/serial/usart_serial.o
 .data          0x00802000        0x0 src/ASF/common/services/ioport/xmega/ioport_compat.o
 .data          0x00802000        0x0 src/ASF/common/services/clock/xmega/sysclk.o
 .data          0x00802000        0x0 src/ASF/xmega/drivers/tc45/tc45.o
 .data          0x00802000        0x0 src/ASF/xmega/drivers/cpu/ccp.o
 .data          0x00802000        0x0 src/ASF/common/boards/user_board/init.o
 .data          0x00802000        0x0 src/main.o
 .data          0x00802000        0x0 c:/program files (x86)/atmel/atmel toolchain/avr8 gcc/native/3.4.1056/avr8-gnu-toolchain/bin/../lib/gcc/avr/4.8.1/avrxmega2\libgcc.a(_udivmodsi4.o)
 .data          0x00802000        0x0 c:/program files (x86)/atmel/atmel toolchain/avr8 gcc/native/3.4.1056/avr8-gnu-toolchain/bin/../lib/gcc/avr/4.8.1/avrxmega2\libgcc.a(_exit.o)
 .data          0x00802000        0x0 c:/program files (x86)/atmel/atmel toolchain/avr8 gcc/native/3.4.1056/avr8-gnu-toolchain/bin/../lib/gcc/avr/4.8.1/avrxmega2\libgcc.a(_copy_data.o)
 .data          0x00802000        0x0 c:/program files (x86)/atmel/atmel toolchain/avr8 gcc/native/3.4.1056/avr8-gnu-toolchain/bin/../lib/gcc/avr/4.8.1/avrxmega2\libgcc.a(_clear_bss.o)
 *(.data*)
 .data.USART_SERIAL_OPTIONS.5467
                0x00802000        0x7 src/main.o
 .data.debouncetouch
                0x00802007        0x1 src/main.o
                0x00802007                debouncetouch
 .data.buttondebouncereleased
                0x00802008        0x1 src/main.o
                0x00802008                buttondebouncereleased
 .data.buttondebouncerepetitionreset
                0x00802009        0x1 src/main.o
                0x00802009                buttondebouncerepetitionreset
 .data.buttondebouncerepetition
                0x0080200a        0x1 src/main.o
                0x0080200a                buttondebouncerepetition
 .data.buttondebouncestop
                0x0080200b        0x1 src/main.o
                0x0080200b                buttondebouncestop
 .data.buttondebouncestart
                0x0080200c        0x1 src/main.o
                0x0080200c                buttondebouncestart
 *(.rodata)
 *(.rodata*)
 *(.gnu.linkonce.d*)
                0x0080200e                . = ALIGN (0x2)
 *fill*         0x0080200d        0x1 
                0x0080200e                _edata = .
                0x0080200e                PROVIDE (__data_end, .)

.bss            0x0080200e       0x61
                0x0080200e                PROVIDE (__bss_start, .)
 *(.bss)
 *(.bss*)
 .bss.tc45_tcd5_ccb_callback
                0x0080200e        0x2 src/ASF/xmega/drivers/tc45/tc45.o
 .bss.tc45_tcd5_cca_callback
                0x00802010        0x2 src/ASF/xmega/drivers/tc45/tc45.o
 .bss.tc45_tcd5_err_callback
                0x00802012        0x2 src/ASF/xmega/drivers/tc45/tc45.o
 .bss.tc45_tcd5_ovf_callback
                0x00802014        0x2 src/ASF/xmega/drivers/tc45/tc45.o
 .bss.tc45_tcc5_ccb_callback
                0x00802016        0x2 src/ASF/xmega/drivers/tc45/tc45.o
 .bss.tc45_tcc5_cca_callback
                0x00802018        0x2 src/ASF/xmega/drivers/tc45/tc45.o
 .bss.tc45_tcc5_err_callback
                0x0080201a        0x2 src/ASF/xmega/drivers/tc45/tc45.o
 .bss.tc45_tcc5_ovf_callback
                0x0080201c        0x2 src/ASF/xmega/drivers/tc45/tc45.o
 .bss.tc45_tcc4_ccd_callback
                0x0080201e        0x2 src/ASF/xmega/drivers/tc45/tc45.o
 .bss.tc45_tcc4_ccc_callback
                0x00802020        0x2 src/ASF/xmega/drivers/tc45/tc45.o
 .bss.tc45_tcc4_ccb_callback
                0x00802022        0x2 src/ASF/xmega/drivers/tc45/tc45.o
 .bss.tc45_tcc4_cca_callback
                0x00802024        0x2 src/ASF/xmega/drivers/tc45/tc45.o
 .bss.tc45_tcc4_err_callback
                0x00802026        0x2 src/ASF/xmega/drivers/tc45/tc45.o
 .bss.tc45_tcc4_ovf_callback
                0x00802028        0x2 src/ASF/xmega/drivers/tc45/tc45.o
 .bss.duration  0x0080202a        0x2 src/main.o
                0x0080202a                duration
 .bss.gesturestart
                0x0080202c        0x2 src/main.o
                0x0080202c                gesturestart
 .bss.sleep_timer
                0x0080202e        0x2 src/main.o
                0x0080202e                sleep_timer
 .bss.global_time
                0x00802030        0x2 src/main.o
                0x00802030                global_time
 .bss.state     0x00802032        0x1 src/main.o
                0x00802032                state
 .bss.b14c      0x00802033        0x4 src/main.o
                0x00802033                b14c
 .bss.b13c      0x00802037        0x4 src/main.o
                0x00802037                b13c
 .bss.b12c      0x0080203b        0x2 src/main.o
                0x0080203b                b12c
 .bss.b11c      0x0080203d        0x2 src/main.o
                0x0080203d                b11c
 .bss.b10c      0x0080203f        0x2 src/main.o
                0x0080203f                b10c
 .bss.b9c       0x00802041        0x2 src/main.o
                0x00802041                b9c
 .bss.b8c       0x00802043        0x2 src/main.o
                0x00802043                b8c
 .bss.b7c       0x00802045        0x2 src/main.o
                0x00802045                b7c
 .bss.b6c       0x00802047        0x2 src/main.o
                0x00802047                b6c
 .bss.b5c       0x00802049        0x2 src/main.o
                0x00802049                b5c
 .bss.b4c       0x0080204b        0x2 src/main.o
                0x0080204b                b4c
 .bss.b3c       0x0080204d        0x2 src/main.o
                0x0080204d                b3c
 .bss.b2c       0x0080204f        0x2 src/main.o
                0x0080204f                b2c
 .bss.b1c       0x00802051        0x2 src/main.o
                0x00802051                b1c
 .bss.lock      0x00802053        0x1 src/main.o
                0x00802053                lock
 *(COMMON)
 COMMON         0x00802054        0x6 src/ASF/common/services/sleepmgr/xmega/sleepmgr.o
                0x00802054                sleepmgr_locks
 COMMON         0x0080205a       0x15 src/main.o
                0x0080205a                b2
                0x0080205b                up
                0x0080205c                b_time
                0x0080205d                b1
                0x0080205e                right
                0x0080205f                msg
                0x00802064                left
                0x00802065                b4
                0x00802066                b13
                0x00802067                b7
                0x00802068                down
                0x00802069                t_time
                0x0080206a                b_data
                0x0080206b                b5
                0x0080206c                b3
                0x0080206d                b6
                0x0080206e                t_data
                0x0080206f                PROVIDE (__bss_end, .)
                0x00001950                __data_load_start = LOADADDR (.data)
                0x0000195e                __data_load_end = (__data_load_start + SIZEOF (.data))

.noinit         0x0080206f        0x0
                0x0080206f                PROVIDE (__noinit_start, .)
 *(.noinit*)
                0x0080206f                PROVIDE (__noinit_end, .)
                0x0080206f                _end = .
                0x0080206f                PROVIDE (__heap_start, .)

.eeprom         0x00810000        0x0
 *(.eeprom*)
                0x00810000                __eeprom_end = .

.fuse
 *(.fuse)
 *(.lfuse)
 *(.hfuse)
 *(.efuse)

.lock
 *(.lock*)

.signature
 *(.signature*)

.user_signatures
 *(.user_signatures*)

.stab
 *(.stab)

.stabstr
 *(.stabstr)

.stab.excl
 *(.stab.excl)

.stab.exclstr
 *(.stab.exclstr)

.stab.index
 *(.stab.index)

.stab.indexstr
 *(.stab.indexstr)

.comment        0x00000000       0x30
 *(.comment)
 .comment       0x00000000       0x30 src/ASF/xmega/drivers/usart/usart.o
                                 0x31 (size before relaxing)
 .comment       0x00000000       0x31 src/ASF/xmega/drivers/wdt/wdt.o
 .comment       0x00000000       0x31 src/ASF/common/services/sleepmgr/xmega/sleepmgr.o
 .comment       0x00000000       0x31 src/ASF/common/services/serial/usart_serial.o
 .comment       0x00000000       0x31 src/ASF/common/services/ioport/xmega/ioport_compat.o
 .comment       0x00000000       0x31 src/ASF/common/services/clock/xmega/sysclk.o
 .comment       0x00000000       0x31 src/ASF/xmega/drivers/tc45/tc45.o
 .comment       0x00000000       0x31 src/ASF/common/boards/user_board/init.o
 .comment       0x00000000       0x31 src/main.o

.note.gnu.build-id
 *(.note.gnu.build-id)

.debug
 *(.debug)

.line
 *(.line)

.debug_srcinfo
 *(.debug_srcinfo)

.debug_sfnames
 *(.debug_sfnames)

.debug_aranges  0x00000000      0x2b8
 *(.debug_aranges)
 .debug_aranges
                0x00000000       0x58 src/ASF/xmega/drivers/usart/usart.o
 .debug_aranges
                0x00000058       0x50 src/ASF/xmega/drivers/wdt/wdt.o
 .debug_aranges
                0x000000a8       0x18 src/ASF/common/services/sleepmgr/xmega/sleepmgr.o
 .debug_aranges
                0x000000c0       0x28 src/ASF/common/services/serial/usart_serial.o
 .debug_aranges
                0x000000e8       0x20 src/ASF/common/services/ioport/xmega/ioport_compat.o
 .debug_aranges
                0x00000108       0x30 src/ASF/common/services/clock/xmega/sysclk.o
 .debug_aranges
                0x00000138       0xc8 src/ASF/xmega/drivers/tc45/tc45.o
 .debug_aranges
                0x00000200       0x20 src/ASF/xmega/drivers/cpu/ccp.o
 .debug_aranges
                0x00000220       0x20 src/ASF/common/boards/user_board/init.o
 .debug_aranges
                0x00000240       0x78 src/main.o

.debug_pubnames
 *(.debug_pubnames)

.debug_info     0x00000000     0x7e4f
 *(.debug_info .gnu.linkonce.wi.*)
 .debug_info    0x00000000     0x2d5c src/ASF/xmega/drivers/usart/usart.o
 .debug_info    0x00002d5c      0x4e1 src/ASF/xmega/drivers/wdt/wdt.o
 .debug_info    0x0000323d      0x121 src/ASF/common/services/sleepmgr/xmega/sleepmgr.o
 .debug_info    0x0000335e      0x393 src/ASF/common/services/serial/usart_serial.o
 .debug_info    0x000036f1      0x11d src/ASF/common/services/ioport/xmega/ioport_compat.o
 .debug_info    0x0000380e      0x4b3 src/ASF/common/services/clock/xmega/sysclk.o
 .debug_info    0x00003cc1     0x15b1 src/ASF/xmega/drivers/tc45/tc45.o
 .debug_info    0x00005272       0x8e src/ASF/xmega/drivers/cpu/ccp.o
 .debug_info    0x00005300      0x13a src/ASF/common/boards/user_board/init.o
 .debug_info    0x0000543a     0x2a15 src/main.o

.debug_abbrev   0x00000000     0x1136
 *(.debug_abbrev)
 .debug_abbrev  0x00000000      0x3e8 src/ASF/xmega/drivers/usart/usart.o
 .debug_abbrev  0x000003e8      0x15d src/ASF/xmega/drivers/wdt/wdt.o
 .debug_abbrev  0x00000545       0x80 src/ASF/common/services/sleepmgr/xmega/sleepmgr.o
 .debug_abbrev  0x000005c5      0x18b src/ASF/common/services/serial/usart_serial.o
 .debug_abbrev  0x00000750       0x93 src/ASF/common/services/ioport/xmega/ioport_compat.o
 .debug_abbrev  0x000007e3      0x1dd src/ASF/common/services/clock/xmega/sysclk.o
 .debug_abbrev  0x000009c0      0x2b7 src/ASF/xmega/drivers/tc45/tc45.o
 .debug_abbrev  0x00000c77       0x14 src/ASF/xmega/drivers/cpu/ccp.o
 .debug_abbrev  0x00000c8b       0xa8 src/ASF/common/boards/user_board/init.o
 .debug_abbrev  0x00000d33      0x403 src/main.o

.debug_line     0x00000000     0x4a65
 *(.debug_line .debug_line.* .debug_line_end)
 .debug_line    0x00000000      0xadd src/ASF/xmega/drivers/usart/usart.o
 .debug_line    0x00000add      0x545 src/ASF/xmega/drivers/wdt/wdt.o
 .debug_line    0x00001022      0x42f src/ASF/common/services/sleepmgr/xmega/sleepmgr.o
 .debug_line    0x00001451      0x5f5 src/ASF/common/services/serial/usart_serial.o
 .debug_line    0x00001a46      0x48c src/ASF/common/services/ioport/xmega/ioport_compat.o
 .debug_line    0x00001ed2      0x51f src/ASF/common/services/clock/xmega/sysclk.o
 .debug_line    0x000023f1      0xbf2 src/ASF/xmega/drivers/tc45/tc45.o
 .debug_line    0x00002fe3       0x6e src/ASF/xmega/drivers/cpu/ccp.o
 .debug_line    0x00003051      0x7cc src/ASF/common/boards/user_board/init.o
 .debug_line    0x0000381d     0x1248 src/main.o

.debug_frame    0x00000000      0x984
 *(.debug_frame)
 .debug_frame   0x00000000      0x148 src/ASF/xmega/drivers/usart/usart.o
 .debug_frame   0x00000148       0x84 src/ASF/xmega/drivers/wdt/wdt.o
 .debug_frame   0x000001cc       0x74 src/ASF/common/services/serial/usart_serial.o
 .debug_frame   0x00000240       0x30 src/ASF/common/services/ioport/xmega/ioport_compat.o
 .debug_frame   0x00000270       0x44 src/ASF/common/services/clock/xmega/sysclk.o
 .debug_frame   0x000002b4      0x574 src/ASF/xmega/drivers/tc45/tc45.o
 .debug_frame   0x00000828       0x24 src/ASF/common/boards/user_board/init.o
 .debug_frame   0x0000084c      0x138 src/main.o

.debug_str      0x00000000    0x291f6
 *(.debug_str)
 .debug_str     0x00000000    0x26abc src/ASF/xmega/drivers/usart/usart.o
                              0x2728f (size before relaxing)
 .debug_str     0x00026abc      0x519 src/ASF/xmega/drivers/wdt/wdt.o
                              0x24d8f (size before relaxing)
 .debug_str     0x00026fd5      0x4bf src/ASF/common/services/sleepmgr/xmega/sleepmgr.o
                              0x24d10 (size before relaxing)
 .debug_str     0x00027494      0x18d src/ASF/common/services/serial/usart_serial.o
                              0x25d10 (size before relaxing)
 .debug_str     0x00027621       0x77 src/ASF/common/services/ioport/xmega/ioport_compat.o
                              0x24eea (size before relaxing)
 .debug_str     0x00027698       0xf8 src/ASF/common/services/clock/xmega/sysclk.o
                              0x25cdc (size before relaxing)
 .debug_str     0x00027790      0xd65 src/ASF/xmega/drivers/tc45/tc45.o
                              0x276e8 (size before relaxing)
 .debug_str     0x000284f5       0x36 src/ASF/common/boards/user_board/init.o
                              0x26b7a (size before relaxing)
 .debug_str     0x0002852b      0xccb src/main.o
                              0x2823f (size before relaxing)

.debug_loc      0x00000000     0x2449
 *(.debug_loc)
 .debug_loc     0x00000000      0xebd src/ASF/xmega/drivers/usart/usart.o
 .debug_loc     0x00000ebd      0x152 src/ASF/xmega/drivers/wdt/wdt.o
 .debug_loc     0x0000100f      0x280 src/ASF/common/services/serial/usart_serial.o
 .debug_loc     0x0000128f       0x66 src/ASF/common/services/ioport/xmega/ioport_compat.o
 .debug_loc     0x000012f5      0x17d src/ASF/common/services/clock/xmega/sysclk.o
 .debug_loc     0x00001472      0xcf4 src/ASF/xmega/drivers/tc45/tc45.o
 .debug_loc     0x00002166      0x2e3 src/main.o

.debug_macinfo
 *(.debug_macinfo)

.debug_weaknames
 *(.debug_weaknames)

.debug_funcnames
 *(.debug_funcnames)

.debug_typenames
 *(.debug_typenames)

.debug_varnames
 *(.debug_varnames)

.debug_pubtypes
 *(.debug_pubtypes)

.debug_ranges   0x00000000      0x238
 *(.debug_ranges)
 .debug_ranges  0x00000000       0x80 src/ASF/xmega/drivers/usart/usart.o
 .debug_ranges  0x00000080       0x40 src/ASF/xmega/drivers/wdt/wdt.o
 .debug_ranges  0x000000c0       0x18 src/ASF/common/services/serial/usart_serial.o
 .debug_ranges  0x000000d8       0x10 src/ASF/common/services/ioport/xmega/ioport_compat.o
 .debug_ranges  0x000000e8       0x20 src/ASF/common/services/clock/xmega/sysclk.o
 .debug_ranges  0x00000108       0xb8 src/ASF/xmega/drivers/tc45/tc45.o
 .debug_ranges  0x000001c0       0x10 src/ASF/common/boards/user_board/init.o
 .debug_ranges  0x000001d0       0x68 src/main.o

.debug_macro    0x00000000     0xa6de
 *(.debug_macro)
 .debug_macro   0x00000000      0x22c src/ASF/xmega/drivers/usart/usart.o
 .debug_macro   0x0000022c      0xa36 src/ASF/xmega/drivers/usart/usart.o
 .debug_macro   0x00000c62      0x1ad src/ASF/xmega/drivers/usart/usart.o
 .debug_macro   0x00000e0f       0x10 src/ASF/xmega/drivers/usart/usart.o
 .debug_macro   0x00000e1f      0x299 src/ASF/xmega/drivers/usart/usart.o
 .debug_macro   0x000010b8       0x9e src/ASF/xmega/drivers/usart/usart.o
 .debug_macro   0x00001156     0x6220 src/ASF/xmega/drivers/usart/usart.o
 .debug_macro   0x00007376       0x9a src/ASF/xmega/drivers/usart/usart.o
 .debug_macro   0x00007410       0xf1 src/ASF/xmega/drivers/usart/usart.o
 .debug_macro   0x00007501       0x34 src/ASF/xmega/drivers/usart/usart.o
 .debug_macro   0x00007535       0x10 src/ASF/xmega/drivers/usart/usart.o
 .debug_macro   0x00007545       0x18 src/ASF/xmega/drivers/usart/usart.o
 .debug_macro   0x0000755d       0x5e src/ASF/xmega/drivers/usart/usart.o
 .debug_macro   0x000075bb       0x10 src/ASF/xmega/drivers/usart/usart.o
 .debug_macro   0x000075cb       0x22 src/ASF/xmega/drivers/usart/usart.o
 .debug_macro   0x000075ed      0x166 src/ASF/xmega/drivers/usart/usart.o
 .debug_macro   0x00007753       0x1c src/ASF/xmega/drivers/usart/usart.o
 .debug_macro   0x0000776f       0x35 src/ASF/xmega/drivers/usart/usart.o
 .debug_macro   0x000077a4       0x66 src/ASF/xmega/drivers/usart/usart.o
 .debug_macro   0x0000780a      0x476 src/ASF/xmega/drivers/usart/usart.o
 .debug_macro   0x00007c80       0x97 src/ASF/xmega/drivers/usart/usart.o
 .debug_macro   0x00007d17       0x17 src/ASF/xmega/drivers/usart/usart.o
 .debug_macro   0x00007d2e      0x250 src/ASF/xmega/drivers/usart/usart.o
 .debug_macro   0x00007f7e       0x76 src/ASF/xmega/drivers/usart/usart.o
 .debug_macro   0x00007ff4       0x16 src/ASF/xmega/drivers/usart/usart.o
 .debug_macro   0x0000800a      0x6e0 src/ASF/xmega/drivers/usart/usart.o
 .debug_macro   0x000086ea       0x10 src/ASF/xmega/drivers/usart/usart.o
 .debug_macro   0x000086fa      0x175 src/ASF/xmega/drivers/usart/usart.o
 .debug_macro   0x0000886f       0x40 src/ASF/xmega/drivers/usart/usart.o
 .debug_macro   0x000088af       0x69 src/ASF/xmega/drivers/usart/usart.o
 .debug_macro   0x00008918       0x32 src/ASF/xmega/drivers/usart/usart.o
 .debug_macro   0x0000894a       0xe4 src/ASF/xmega/drivers/usart/usart.o
 .debug_macro   0x00008a2e       0x34 src/ASF/xmega/drivers/usart/usart.o
 .debug_macro   0x00008a62       0x1c src/ASF/xmega/drivers/usart/usart.o
 .debug_macro   0x00008a7e      0x229 src/ASF/xmega/drivers/usart/usart.o
 .debug_macro   0x00008ca7       0x6c src/ASF/xmega/drivers/usart/usart.o
 .debug_macro   0x00008d13       0x2f src/ASF/xmega/drivers/usart/usart.o
 .debug_macro   0x00008d42      0x169 src/ASF/xmega/drivers/usart/usart.o
 .debug_macro   0x00008eab       0x7c src/ASF/xmega/drivers/usart/usart.o
 .debug_macro   0x00008f27      0x10f src/ASF/xmega/drivers/usart/usart.o
 .debug_macro   0x00009036      0x180 src/ASF/xmega/drivers/wdt/wdt.o
 .debug_macro   0x000091b6      0x293 src/ASF/xmega/drivers/wdt/wdt.o
 .debug_macro   0x00009449       0x11 src/ASF/xmega/drivers/wdt/wdt.o
 .debug_macro   0x0000945a      0x1a3 src/ASF/common/services/sleepmgr/xmega/sleepmgr.o
 .debug_macro   0x000095fd       0x10 src/ASF/common/services/sleepmgr/xmega/sleepmgr.o
 .debug_macro   0x0000960d       0x5e src/ASF/common/services/sleepmgr/xmega/sleepmgr.o
 .debug_macro   0x0000966b      0x21d src/ASF/common/services/serial/usart_serial.o
 .debug_macro   0x00009888       0x28 src/ASF/common/services/serial/usart_serial.o
 .debug_macro   0x000098b0      0x193 src/ASF/common/services/ioport/xmega/ioport_compat.o
 .debug_macro   0x00009a43      0x1dd src/ASF/common/services/clock/xmega/sysclk.o
 .debug_macro   0x00009c20      0x2c2 src/ASF/xmega/drivers/tc45/tc45.o
 .debug_macro   0x00009ee2       0x34 src/ASF/xmega/drivers/tc45/tc45.o
 .debug_macro   0x00009f16       0x40 src/ASF/xmega/drivers/tc45/tc45.o
 .debug_macro   0x00009f56       0x3a src/ASF/xmega/drivers/tc45/tc45.o
 .debug_macro   0x00009f90       0x5a src/ASF/xmega/drivers/tc45/tc45.o
 .debug_macro   0x00009fea      0x2c8 src/ASF/common/boards/user_board/init.o
 .debug_macro   0x0000a2b2      0x42c src/main.o
OUTPUT(huisludbld.elf elf32-avr)
LOAD linker stubs
