Microchip MPLAB XC8 Compiler V1.10 ()

Linker command line:

--edf=/opt/microchip/xc8/v1.10/dat/en_msgs.txt -cs \
  -h+dist/default/production/bms.X.production.sym -z -Q18F4585 -ol.obj \
  -Mdist/default/production/bms.X.production.map -E1 -ver=XC8 \
  -ACODE=00h-0BFFFh -ACONST=00h-0BFFFh -ASMALLCONST=0D00h-0DFFhx179 \
  -AMEDIUMCONST=0D00h-0BFFFh -ACOMRAM=01h-05Fh -AABS1=00h-0CFFh \
  -ABIGRAM=01h-0CFFh -ARAM=060h-0FFh,0100h-01FFhx12 -ABANK0=060h-0FFh \
  -ABANK1=0100h-01FFh -ABANK2=0200h-02FFh -ABANK3=0300h-03FFh \
  -ABANK4=0400h-04FFh -ABANK5=0500h-05FFh -ABANK6=0600h-06FFh \
  -ABANK7=0700h-07FFh -ABANK8=0800h-08FFh -ABANK9=0900h-09FFh \
  -ABANK10=0A00h-0AFFh -ABANK11=0B00h-0BFFh -ABANK12=0C00h-0CFFh \
  -ASFR=0D00h-0DFFhx2,0F00h-0F5Fh,0F60h-0FFFh \
  -preset_vec=00h,intcode,intcodelo,powerup,init,end_init -pramtop=0D00h \
  -psmallconst=SMALLCONST -pmediumconst=MEDIUMCONST -pconst=CONST \
  -AFARRAM=00h-00h -ACONFIG=0300000h-030000Dh -pconfig=CONFIG \
  -AIDLOC=0200000h-0200007h -pidloc=IDLOC -AEEDATA=0F00000h-0F003FFh \
  -peeprom_data=EEDATA \
  -prdata=COMRAM,nvrram=COMRAM,nvbit=COMRAM,rbss=COMRAM,rbit=COMRAM \
  -pfarbss=FARRAM,fardata=FARRAM \
  -pintsave_regs=BIGRAM,bigbss=BIGRAM,bigdata=BIGRAM -pbss=RAM \
  -pidata=CODE,irdata=CODE,ibigdata=CODE,ifardata=CODE /tmp/cgtzsOc9k.obj \
  dist/default/production/bms.X.production.obj 

Object code version is 3.10

Machine type is 18F4585

Call graph: (short form)




                Name                               Link     Load   Length Selector   Space Scale
/tmp/cgtzsOc9k.obj
                end_init                              0        0        4        0       0
                idloc                            200000   200000        8   200000       0
                config                           300000   300000        E   300000       0
dist/default/production/bms.X.production.obj
                smallconst                          D00      D00        4      680       0
                text22                              F22      F22      178      682       0
                text21                             1532     1532       94      682       0
                text20                             17EA     17EA       2E      682       0
                text19                             12BA     12BA       FA      682       0
                text18                             1622     1622       58      682       0
                text17                             13B4     13B4       DE      682       0
                text16                             1752     1752       36      682       0
                text15                             1856     1856       14      682       0
                text14                             1818     1818       26      682       0
                text13                             11B4     11B4      106      682       0
                text12                             109A     109A      11A      682       0
                text11                             1886     1886        C      682       0
                text10                             1878     1878        E      682       0
                text9                              167A     167A       4E      682       0
                text8                              183E     183E       18      682       0
                text7                              17BA     17BA       30      682       0
                text6                              1492     1492       A0      682       0
                text5                              1712     1712       40      682       0
                text4                              15C6     15C6       5C      682       0
                text3                              186A     186A        E      682       0
                text2                              1892     1892        6      682       0
                text1                              1788     1788       32      682       0
                text0                               D04      D04      21E      682       0
                cstackCOMRAM                          1        1       4D        1       1
                bssBANK3                            300      300       7E      300       1
                bssBANK2                            200      200       FC      200       1
                bssBANK1                            100      100       A2      100       1
                bssBANK0                             60       60       42       60       1
                bssCOMRAM                            4E       4E       12        1       1
                cinit                              16C8     16C8       4A      682       0

TOTAL           Name                               Link     Load   Length     Space
        CLASS   CODE           
                end_init                              0        0        4         0
                text22                              F22      F22      178         0
                text21                             1532     1532       94         0
                text20                             17EA     17EA       2E         0
                text19                             12BA     12BA       FA         0
                text18                             1622     1622       58         0
                text17                             13B4     13B4       DE         0
                text16                             1752     1752       36         0
                text15                             1856     1856       14         0
                text14                             1818     1818       26         0
                text13                             11B4     11B4      106         0
                text12                             109A     109A      11A         0
                text11                             1886     1886        C         0
                text10                             1878     1878        E         0
                text9                              167A     167A       4E         0
                text8                              183E     183E       18         0
                text7                              17BA     17BA       30         0
                text6                              1492     1492       A0         0
                text5                              1712     1712       40         0
                text4                              15C6     15C6       5C         0
                text3                              186A     186A        E         0
                text2                              1892     1892        6         0
                text1                              1788     1788       32         0
                text0                               D04      D04      21E         0
                cinit                              16C8     16C8       4A         0

        CLASS   CONST          

        CLASS   SMALLCONST     
                smallconst                          D00      D00        4         0

        CLASS   MEDIUMCONST    

        CLASS   COMRAM         
                cstackCOMRAM                          1        1       4D         1
                bssCOMRAM                            4E       4E       12         1

        CLASS   ABS1           

        CLASS   BIGRAM         

        CLASS   RAM            

        CLASS   BANK0          
                bssBANK0                             60       60       42         1

        CLASS   BANK1          
                bssBANK1                            100      100       A2         1

        CLASS   BANK2          
                bssBANK2                            200      200       FC         1

        CLASS   BANK3          
                bssBANK3                            300      300       7E         1

        CLASS   BANK4          

        CLASS   BANK5          

        CLASS   BANK6          

        CLASS   BANK7          

        CLASS   BANK8          

        CLASS   BANK9          

        CLASS   BANK10         

        CLASS   BANK11         

        CLASS   BANK12         

        CLASS   SFR            

        CLASS   FARRAM         

        CLASS   CONFIG         
                config                           300000   300000        E         0

        CLASS   IDLOC          
                idloc                            200000   200000        8         0

        CLASS   EEDATA         



SEGMENTS        Name                           Load    Length   Top    Selector   Space  Class

                reset_vec                      000000  000004  000004         0       0  CODE    
                cstackCOMRAM                   000001  00005F  000060         1       1  COMRAM  
                bssBANK0                       000060  000042  0000A2        60       1  BANK0   
                bssBANK1                       000100  0000A2  0001A2       100       1  BANK1   
                bssBANK2                       000200  0000FC  0002FC       200       1  BANK2   
                bssBANK3                       000300  00007E  00037E       300       1  BANK3   
                smallconst                     000D00  000004  000D04       680       0  SMALLCON
                text0                          000D04  000B94  001898       682       0  CODE    
                idloc                          200000  000008  200008    200000       0  IDLOC   
                config                         300000  00000E  30000E    300000       0  CONFIG  


UNUSED ADDRESS RANGES

        Name                Unused          Largest block    Delta
        BANK0            0000A2-0000FF               5E
        BANK1            0001A2-0001FF               5E
        BANK10           000A00-000AFF              100
        BANK11           000B00-000BFF              100
        BANK12           000C00-000CFF              100
        BANK2            0002FC-0002FF                4
        BANK3            00037E-0003FF               82
        BANK4            000400-0004FF              100
        BANK5            000500-0005FF              100
        BANK6            000600-0006FF              100
        BANK7            000700-0007FF              100
        BANK8            000800-0008FF              100
        BANK9            000900-0009FF              100
        BIGRAM           0000A2-0000FF               5E
                         0001A2-0001FF               5E
                         0002FC-0002FF                4
                         00037E-000CFF              982
        CODE             000004-000CFF              CFC
                         001898-00BFFF             A768
        CONST            000004-000CFF              CFC
                         001898-00BFFF             A768
        EEDATA           F00000-F003FF              400
        MEDIUMCONST      001898-00BFFF             A768
        RAM              0000A2-0000FF               5E
                         0001A2-0001FF               5E
                         0002FC-0002FF                4
                         00037E-000CFF              100
        SFR              000D00-000FFF              100
        SMALLCONST       001898-00BFFF              100

                                  Symbol Table

?_FindMax                     cstackCOMRAM 00000A
?_OpenSPI                     cstackCOMRAM 000001
?_OpenUSART                   cstackCOMRAM 000001
?___awtoft                    cstackCOMRAM 000009
?___ftadd                     cstackCOMRAM 000009
?___ftdiv                     cstackCOMRAM 000017
?___ftge                      cstackCOMRAM 000001
?___ftmul                     cstackCOMRAM 000028
?___ftpack                    cstackCOMRAM 000001
?___ftsub                     cstackCOMRAM 000039
?_askAtaForAllData            cstackCOMRAM 000006
?_delay                       cstackCOMRAM 000001
?_putsUSART                   cstackCOMRAM 000002
?_rearangeBatteryData         cstackCOMRAM 000001
?_sendAtaData                 cstackCOMRAM 000004
?_voltageCalculation          cstackCOMRAM 00003F
FindMax@bat                   cstackCOMRAM 00000F
FindMax@chip                  cstackCOMRAM 000013
FindMax@max                   cstackCOMRAM 000010
OpenSPI@bus_mode              cstackCOMRAM 000001
OpenSPI@smp_phase             cstackCOMRAM 000002
OpenSPI@sync_mode             cstackCOMRAM 000003
OpenUSART@config              cstackCOMRAM 000003
OpenUSART@spbrg               cstackCOMRAM 000001
WriteSPI@data_out             cstackCOMRAM 000001
WriteUSART@data               cstackCOMRAM 000001
_ABDEN                        (abs)        007DC0
_ABDOVF                       (abs)        007DC7
_ACKDT                        (abs)        007E2D
_ACKEN                        (abs)        007E2C
_ACKSTAT                      (abs)        007E2E
_ACQT0                        (abs)        007E03
_ACQT1                        (abs)        007E04
_ACQT2                        (abs)        007E05
_ADCON0                       (abs)        000FC2
_ADCON0bits                   (abs)        000FC2
_ADCON1                       (abs)        000FC1
_ADCON1bits                   (abs)        000FC1
_ADCON2                       (abs)        000FC0
_ADCON2bits                   (abs)        000FC0
_ADCS0                        (abs)        007E00
_ADCS1                        (abs)        007E01
_ADCS2                        (abs)        007E02
_ADDEN                        (abs)        007D5B
_ADEN                         (abs)        007D5B
_ADFM                         (abs)        007E07
_ADIE                         (abs)        007CEE
_ADIF                         (abs)        007CF6
_ADIP                         (abs)        007CFE
_ADON                         (abs)        007E10
_ADRES                        (abs)        000FC3
_ADRESH                       (abs)        000FC4
_ADRESL                       (abs)        000FC3
_AN0                          (abs)        007C00
_AN1                          (abs)        007C01
_AN10                         (abs)        007C08
_AN2                          (abs)        007C02
_AN3                          (abs)        007C03
_AN4                          (abs)        007C05
_AN8                          (abs)        007C09
_AN9                          (abs)        007C0C
_B0CON                        (abs)        000E20
_B0CONbits                    (abs)        000E20
_B0D0                         (abs)        000E26
_B0D00                        (abs)        007130
_B0D01                        (abs)        007131
_B0D02                        (abs)        007132
_B0D03                        (abs)        007133
_B0D04                        (abs)        007134
_B0D05                        (abs)        007135
_B0D06                        (abs)        007136
_B0D07                        (abs)        007137
_B0D0bits                     (abs)        000E26
_B0D1                         (abs)        000E27
_B0D10                        (abs)        007138
_B0D11                        (abs)        007139
_B0D12                        (abs)        00713A
_B0D13                        (abs)        00713B
_B0D14                        (abs)        00713C
_B0D15                        (abs)        00713D
_B0D16                        (abs)        00713E
_B0D17                        (abs)        00713F
_B0D1bits                     (abs)        000E27
_B0D2                         (abs)        000E28
_B0D20                        (abs)        007140
_B0D21                        (abs)        007141
_B0D22                        (abs)        007142
_B0D23                        (abs)        007143
_B0D24                        (abs)        007144
_B0D25                        (abs)        007145
_B0D26                        (abs)        007146
_B0D27                        (abs)        007147
_B0D2bits                     (abs)        000E28
_B0D3                         (abs)        000E29
_B0D30                        (abs)        007148
_B0D31                        (abs)        007149
_B0D32                        (abs)        00714A
_B0D33                        (abs)        00714B
_B0D34                        (abs)        00714C
_B0D35                        (abs)        00714D
_B0D36                        (abs)        00714E
_B0D37                        (abs)        00714F
_B0D3bits                     (abs)        000E29
_B0D4                         (abs)        000E2A
_B0D40                        (abs)        007150
_B0D41                        (abs)        007151
_B0D42                        (abs)        007152
_B0D43                        (abs)        007153
_B0D44                        (abs)        007154
_B0D45                        (abs)        007155
_B0D46                        (abs)        007156
_B0D47                        (abs)        007157
_B0D4bits                     (abs)        000E2A
_B0D5                         (abs)        000E2B
_B0D50                        (abs)        007158
_B0D51                        (abs)        007159
_B0D52                        (abs)        00715A
_B0D53                        (abs)        00715B
_B0D54                        (abs)        00715C
_B0D55                        (abs)        00715D
_B0D56                        (abs)        00715E
_B0D57                        (abs)        00715F
_B0D5bits                     (abs)        000E2B
_B0D6                         (abs)        000E2C
_B0D60                        (abs)        007160
_B0D61                        (abs)        007161
_B0D62                        (abs)        007162
_B0D63                        (abs)        007163
_B0D64                        (abs)        007164
_B0D65                        (abs)        007165
_B0D66                        (abs)        007166
_B0D67                        (abs)        007167
_B0D6bits                     (abs)        000E2C
_B0D7                         (abs)        000E2D
_B0D70                        (abs)        007168
_B0D71                        (abs)        007169
_B0D72                        (abs)        00716A
_B0D73                        (abs)        00716B
_B0D74                        (abs)        00716C
_B0D75                        (abs)        00716D
_B0D76                        (abs)        00716E
_B0D77                        (abs)        00716F
_B0D7bits                     (abs)        000E2D
_B0DLC                        (abs)        000E25
_B0DLC0                       (abs)        007128
_B0DLC1                       (abs)        007129
_B0DLC2                       (abs)        00712A
_B0DLC3                       (abs)        00712B
_B0DLCbits                    (abs)        000E25
_B0EID0                       (abs)        007120
_B0EID1                       (abs)        007121
_B0EID10                      (abs)        00711A
_B0EID11                      (abs)        00711B
_B0EID12                      (abs)        00711C
_B0EID13                      (abs)        00711D
_B0EID14                      (abs)        00711E
_B0EID15                      (abs)        00711F
_B0EID16                      (abs)        007110
_B0EID17                      (abs)        007111
_B0EID2                       (abs)        007122
_B0EID3                       (abs)        007123
_B0EID4                       (abs)        007124
_B0EID5                       (abs)        007125
_B0EID6                       (abs)        007126
_B0EID7                       (abs)        007127
_B0EID8                       (abs)        007118
_B0EID9                       (abs)        007119
_B0EIDH                       (abs)        000E23
_B0EIDHbits                   (abs)        000E23
_B0EIDL                       (abs)        000E24
_B0EIDLbits                   (abs)        000E24
_B0EXID                       (abs)        007113
_B0FILHIT0                    (abs)        007100
_B0FILHIT1                    (abs)        007101
_B0FILHIT2                    (abs)        007102
_B0FILHIT3                    (abs)        007103
_B0FILHIT4                    (abs)        007104
_B0IE                         (abs)        006FD2
_B0RB0                        (abs)        00712C
_B0RB1                        (abs)        00712D
_B0RTREN                      (abs)        007102
_B0RTRRO                      (abs)        007105
_B0RXFUL                      (abs)        007107
_B0RXM1                       (abs)        007106
_B0RXRTR                      (abs)        00712E
_B0SID0                       (abs)        007115
_B0SID1                       (abs)        007116
_B0SID10                      (abs)        00710F
_B0SID2                       (abs)        007117
_B0SID3                       (abs)        007108
_B0SID4                       (abs)        007109
_B0SID5                       (abs)        00710A
_B0SID6                       (abs)        00710B
_B0SID7                       (abs)        00710C
_B0SID8                       (abs)        00710D
_B0SID9                       (abs)        00710E
_B0SIDH                       (abs)        000E21
_B0SIDHbits                   (abs)        000E21
_B0SIDL                       (abs)        000E22
_B0SIDLbits                   (abs)        000E22
_B0SRR                        (abs)        007114
_B0TXABT                      (abs)        007106
_B0TXB3IF                     (abs)        007107
_B0TXEN                       (abs)        006FC2
_B0TXERR                      (abs)        007104
_B0TXLARB                     (abs)        007105
_B0TXPRI0                     (abs)        007100
_B0TXPRI1                     (abs)        007101
_B0TXREQ                      (abs)        007103
_B1CON                        (abs)        000E30
_B1CONbits                    (abs)        000E30
_B1D0                         (abs)        000E36
_B1D00                        (abs)        0071B0
_B1D01                        (abs)        0071B1
_B1D02                        (abs)        0071B2
_B1D03                        (abs)        0071B3
_B1D04                        (abs)        0071B4
_B1D05                        (abs)        0071B5
_B1D06                        (abs)        0071B6
_B1D07                        (abs)        0071B7
_B1D0bits                     (abs)        000E36
_B1D1                         (abs)        000E37
_B1D10                        (abs)        0071B8
_B1D11                        (abs)        0071B9
_B1D12                        (abs)        0071BA
_B1D13                        (abs)        0071BB
_B1D14                        (abs)        0071BC
_B1D15                        (abs)        0071BD
_B1D16                        (abs)        0071BE
_B1D17                        (abs)        0071BF
_B1D1bits                     (abs)        000E37
_B1D2                         (abs)        000E38
_B1D20                        (abs)        0071C0
_B1D21                        (abs)        0071C1
_B1D22                        (abs)        0071C2
_B1D23                        (abs)        0071C3
_B1D24                        (abs)        0071C4
_B1D25                        (abs)        0071C5
_B1D26                        (abs)        0071C6
_B1D27                        (abs)        0071C7
_B1D2bits                     (abs)        000E38
_B1D3                         (abs)        000E39
_B1D30                        (abs)        0071C8
_B1D31                        (abs)        0071C9
_B1D32                        (abs)        0071CA
_B1D33                        (abs)        0071CB
_B1D34                        (abs)        0071CC
_B1D35                        (abs)        0071CD
_B1D36                        (abs)        0071CE
_B1D37                        (abs)        0071CF
_B1D3bits                     (abs)        000E39
_B1D4                         (abs)        000E3A
_B1D40                        (abs)        0071D0
_B1D41                        (abs)        0071D1
_B1D42                        (abs)        0071D2
_B1D43                        (abs)        0071D3
_B1D44                        (abs)        0071D4
_B1D45                        (abs)        0071D5
_B1D46                        (abs)        0071D6
_B1D47                        (abs)        0071D7
_B1D4bits                     (abs)        000E3A
_B1D5                         (abs)        000E3B
_B1D50                        (abs)        0071D8
_B1D51                        (abs)        0071D9
_B1D52                        (abs)        0071DA
_B1D53                        (abs)        0071DB
_B1D54                        (abs)        0071DC
_B1D55                        (abs)        0071DD
_B1D56                        (abs)        0071DE
_B1D57                        (abs)        0071DF
_B1D5bits                     (abs)        000E3B
_B1D6                         (abs)        000E3C
_B1D60                        (abs)        0071E0
_B1D61                        (abs)        0071E1
_B1D62                        (abs)        0071E2
_B1D63                        (abs)        0071E3
_B1D64                        (abs)        0071E4
_B1D65                        (abs)        0071E5
_B1D66                        (abs)        0071E6
_B1D67                        (abs)        0071E7
_B1D6bits                     (abs)        000E3C
_B1D7                         (abs)        000E3D
_B1D70                        (abs)        0071E8
_B1D71                        (abs)        0071E9
_B1D72                        (abs)        0071EA
_B1D73                        (abs)        0071EB
_B1D74                        (abs)        0071EC
_B1D75                        (abs)        0071ED
_B1D76                        (abs)        0071EE
_B1D77                        (abs)        0071EF
_B1D7bits                     (abs)        000E3D
_B1DLC                        (abs)        000E35
_B1DLC0                       (abs)        0071A8
_B1DLC1                       (abs)        0071A9
_B1DLC2                       (abs)        0071AA
_B1DLC3                       (abs)        0071AB
_B1DLCbits                    (abs)        000E35
_B1EID0                       (abs)        0071A0
_B1EID1                       (abs)        0071A1
_B1EID10                      (abs)        00719A
_B1EID11                      (abs)        00719B
_B1EID12                      (abs)        00719C
_B1EID13                      (abs)        00719D
_B1EID14                      (abs)        00719E
_B1EID15                      (abs)        00719F
_B1EID16                      (abs)        007190
_B1EID17                      (abs)        007191
_B1EID2                       (abs)        0071A2
_B1EID3                       (abs)        0071A3
_B1EID4                       (abs)        0071A4
_B1EID5                       (abs)        0071A5
_B1EID6                       (abs)        0071A6
_B1EID7                       (abs)        0071A7
_B1EID8                       (abs)        007198
_B1EID9                       (abs)        007199
_B1EIDH                       (abs)        000E33
_B1EIDHbits                   (abs)        000E33
_B1EIDL                       (abs)        000E34
_B1EIDLbits                   (abs)        000E34
_B1EXID                       (abs)        007193
_B1FILHIT0                    (abs)        007180
_B1FILHIT1                    (abs)        007181
_B1FILHIT2                    (abs)        007182
_B1FILHIT3                    (abs)        007183
_B1FILHIT4                    (abs)        007184
_B1IE                         (abs)        006FD3
_B1RB0                        (abs)        0071AC
_B1RB1                        (abs)        0071AD
_B1RTREN                      (abs)        007182
_B1RTRRO                      (abs)        007185
_B1RXFUL                      (abs)        007187
_B1RXM1                       (abs)        007186
_B1RXRTR                      (abs)        0071AE
_B1SID0                       (abs)        007195
_B1SID1                       (abs)        007196
_B1SID10                      (abs)        00718F
_B1SID2                       (abs)        007197
_B1SID3                       (abs)        007188
_B1SID4                       (abs)        007189
_B1SID5                       (abs)        00718A
_B1SID6                       (abs)        00718B
_B1SID7                       (abs)        00718C
_B1SID8                       (abs)        00718D
_B1SID9                       (abs)        00718E
_B1SIDH                       (abs)        000E31
_B1SIDHbits                   (abs)        000E31
_B1SIDL                       (abs)        000E32
_B1SIDLbits                   (abs)        000E32
_B1SRR                        (abs)        007194
_B1TXABT                      (abs)        007186
_B1TXB3IF                     (abs)        007187
_B1TXEN                       (abs)        006FC3
_B1TXERR                      (abs)        007184
_B1TXLARB                     (abs)        007185
_B1TXPRI0                     (abs)        007180
_B1TXPRI1                     (abs)        007181
_B1TXREQ                      (abs)        007183
_B2CON                        (abs)        000E40
_B2CONbits                    (abs)        000E40
_B2D0                         (abs)        000E46
_B2D00                        (abs)        007230
_B2D01                        (abs)        007231
_B2D02                        (abs)        007232
_B2D03                        (abs)        007233
_B2D04                        (abs)        007234
_B2D05                        (abs)        007235
_B2D06                        (abs)        007236
_B2D07                        (abs)        007237
_B2D0bits                     (abs)        000E46
_B2D1                         (abs)        000E47
_B2D10                        (abs)        007238
_B2D11                        (abs)        007239
_B2D12                        (abs)        00723A
_B2D13                        (abs)        00723B
_B2D14                        (abs)        00723C
_B2D15                        (abs)        00723D
_B2D16                        (abs)        00723E
_B2D17                        (abs)        00723F
_B2D1bits                     (abs)        000E47
_B2D2                         (abs)        000E48
_B2D20                        (abs)        007240
_B2D21                        (abs)        007241
_B2D22                        (abs)        007242
_B2D23                        (abs)        007243
_B2D24                        (abs)        007244
_B2D25                        (abs)        007245
_B2D26                        (abs)        007246
_B2D27                        (abs)        007247
_B2D2bits                     (abs)        000E48
_B2D3                         (abs)        000E49
_B2D30                        (abs)        007248
_B2D31                        (abs)        007249
_B2D32                        (abs)        00724A
_B2D33                        (abs)        00724B
_B2D34                        (abs)        00724C
_B2D35                        (abs)        00724D
_B2D36                        (abs)        00724E
_B2D37                        (abs)        00724F
_B2D3bits                     (abs)        000E49
_B2D4                         (abs)        000E4A
_B2D40                        (abs)        007250
_B2D41                        (abs)        007251
_B2D42                        (abs)        007252
_B2D43                        (abs)        007253
_B2D44                        (abs)        007254
_B2D45                        (abs)        007255
_B2D46                        (abs)        007256
_B2D47                        (abs)        007257
_B2D4bits                     (abs)        000E4A
_B2D5                         (abs)        000E4B
_B2D50                        (abs)        007258
_B2D51                        (abs)        007259
_B2D52                        (abs)        00725A
_B2D53                        (abs)        00725B
_B2D54                        (abs)        00725C
_B2D55                        (abs)        00725D
_B2D56                        (abs)        00725E
_B2D57                        (abs)        00725F
_B2D5bits                     (abs)        000E4B
_B2D6                         (abs)        000E4C
_B2D60                        (abs)        007260
_B2D61                        (abs)        007261
_B2D62                        (abs)        007262
_B2D63                        (abs)        007263
_B2D64                        (abs)        007264
_B2D65                        (abs)        007265
_B2D66                        (abs)        007266
_B2D67                        (abs)        007267
_B2D6bits                     (abs)        000E4C
_B2D7                         (abs)        000E4D
_B2D70                        (abs)        007268
_B2D71                        (abs)        007269
_B2D72                        (abs)        00726A
_B2D73                        (abs)        00726B
_B2D74                        (abs)        00726C
_B2D75                        (abs)        00726D
_B2D76                        (abs)        00726E
_B2D77                        (abs)        00726F
_B2D7bits                     (abs)        000E4D
_B2DLC                        (abs)        000E45
_B2DLC0                       (abs)        007228
_B2DLC1                       (abs)        007229
_B2DLC2                       (abs)        00722A
_B2DLC3                       (abs)        00722B
_B2DLCbits                    (abs)        000E45
_B2EID0                       (abs)        007220
_B2EID1                       (abs)        007221
_B2EID10                      (abs)        00721A
_B2EID11                      (abs)        00721B
_B2EID12                      (abs)        00721C
_B2EID13                      (abs)        00721D
_B2EID14                      (abs)        00721E
_B2EID15                      (abs)        00721F
_B2EID16                      (abs)        007210
_B2EID17                      (abs)        007211
_B2EID2                       (abs)        007222
_B2EID3                       (abs)        007223
_B2EID4                       (abs)        007224
_B2EID5                       (abs)        007225
_B2EID6                       (abs)        007226
_B2EID7                       (abs)        007227
_B2EID8                       (abs)        007218
_B2EID9                       (abs)        007219
_B2EIDH                       (abs)        000E43
_B2EIDHbits                   (abs)        000E43
_B2EIDL                       (abs)        000E44
_B2EIDLbits                   (abs)        000E44
_B2EXID                       (abs)        007213
_B2EXIDE                      (abs)        007213
_B2FILHIT0                    (abs)        007200
_B2FILHIT1                    (abs)        007201
_B2FILHIT2                    (abs)        007202
_B2FILHIT3                    (abs)        007203
_B2FILHIT4                    (abs)        007204
_B2IE                         (abs)        006FD4
_B2RB0                        (abs)        00722C
_B2RB1                        (abs)        00722D
_B2RTREN                      (abs)        007202
_B2RTRRO                      (abs)        007205
_B2RXFUL                      (abs)        007207
_B2RXM1                       (abs)        007206
_B2RXRTR                      (abs)        00722E
_B2SID0                       (abs)        007215
_B2SID1                       (abs)        007216
_B2SID10                      (abs)        00720F
_B2SID2                       (abs)        007217
_B2SID3                       (abs)        007208
_B2SID4                       (abs)        007209
_B2SID5                       (abs)        00720A
_B2SID6                       (abs)        00720B
_B2SID7                       (abs)        00720C
_B2SID8                       (abs)        00720D
_B2SID9                       (abs)        00720E
_B2SIDH                       (abs)        000E41
_B2SIDHbits                   (abs)        000E41
_B2SIDL                       (abs)        000E42
_B2SIDLbits                   (abs)        000E42
_B2SRR                        (abs)        007214
_B2TXABT                      (abs)        007206
_B2TXB3IF                     (abs)        007207
_B2TXEN                       (abs)        006FC4
_B2TXERR                      (abs)        007204
_B2TXLARB                     (abs)        007205
_B2TXPRI0                     (abs)        007200
_B2TXPRI1                     (abs)        007201
_B2TXREQ                      (abs)        007203
_B3CON                        (abs)        000E50
_B3CONbits                    (abs)        000E50
_B3D0                         (abs)        000E56
_B3D00                        (abs)        0072B0
_B3D01                        (abs)        0072B1
_B3D02                        (abs)        0072B2
_B3D03                        (abs)        0072B3
_B3D04                        (abs)        0072B4
_B3D05                        (abs)        0072B5
_B3D06                        (abs)        0072B6
_B3D07                        (abs)        0072B7
_B3D0bits                     (abs)        000E56
_B3D1                         (abs)        000E57
_B3D10                        (abs)        0072B8
_B3D11                        (abs)        0072B9
_B3D12                        (abs)        0072BA
_B3D13                        (abs)        0072BB
_B3D14                        (abs)        0072BC
_B3D15                        (abs)        0072BD
_B3D16                        (abs)        0072BE
_B3D17                        (abs)        0072BF
_B3D1bits                     (abs)        000E57
_B3D2                         (abs)        000E58
_B3D20                        (abs)        0072C0
_B3D21                        (abs)        0072C1
_B3D22                        (abs)        0072C2
_B3D23                        (abs)        0072C3
_B3D24                        (abs)        0072C4
_B3D25                        (abs)        0072C5
_B3D26                        (abs)        0072C6
_B3D27                        (abs)        0072C7
_B3D2bits                     (abs)        000E58
_B3D3                         (abs)        000E59
_B3D30                        (abs)        0072C8
_B3D31                        (abs)        0072C9
_B3D32                        (abs)        0072CA
_B3D33                        (abs)        0072CB
_B3D34                        (abs)        0072CC
_B3D35                        (abs)        0072CD
_B3D36                        (abs)        0072CE
_B3D37                        (abs)        0072CF
_B3D3bits                     (abs)        000E59
_B3D4                         (abs)        000E5A
_B3D40                        (abs)        0072D0
_B3D41                        (abs)        0072D1
_B3D42                        (abs)        0072D2
_B3D43                        (abs)        0072D3
_B3D44                        (abs)        0072D4
_B3D45                        (abs)        0072D5
_B3D46                        (abs)        0072D6
_B3D47                        (abs)        0072D7
_B3D4bits                     (abs)        000E5A
_B3D5                         (abs)        000E5B
_B3D50                        (abs)        0072D8
_B3D51                        (abs)        0072D9
_B3D52                        (abs)        0072DA
_B3D53                        (abs)        0072DB
_B3D54                        (abs)        0072DC
_B3D55                        (abs)        0072DD
_B3D56                        (abs)        0072DE
_B3D57                        (abs)        0072DF
_B3D5bits                     (abs)        000E5B
_B3D6                         (abs)        000E5C
_B3D60                        (abs)        0072E0
_B3D61                        (abs)        0072E1
_B3D62                        (abs)        0072E2
_B3D63                        (abs)        0072E3
_B3D64                        (abs)        0072E4
_B3D65                        (abs)        0072E5
_B3D66                        (abs)        0072E6
_B3D67                        (abs)        0072E7
_B3D6bits                     (abs)        000E5C
_B3D7                         (abs)        000E5D
_B3D70                        (abs)        0072E8
_B3D71                        (abs)        0072E9
_B3D72                        (abs)        0072EA
_B3D73                        (abs)        0072EB
_B3D74                        (abs)        0072EC
_B3D75                        (abs)        0072ED
_B3D76                        (abs)        0072EE
_B3D77                        (abs)        0072EF
_B3D7bits                     (abs)        000E5D
_B3DLC                        (abs)        000E55
_B3DLC0                       (abs)        0072A8
_B3DLC1                       (abs)        0072A9
_B3DLC2                       (abs)        0072AA
_B3DLC3                       (abs)        0072AB
_B3DLCbits                    (abs)        000E55
_B3EID0                       (abs)        0072A0
_B3EID1                       (abs)        0072A1
_B3EID10                      (abs)        00729A
_B3EID11                      (abs)        00729B
_B3EID12                      (abs)        00729C
_B3EID13                      (abs)        00729D
_B3EID14                      (abs)        00729E
_B3EID15                      (abs)        00729F
_B3EID16                      (abs)        007290
_B3EID17                      (abs)        007291
_B3EID2                       (abs)        0072A2
_B3EID3                       (abs)        0072A3
_B3EID4                       (abs)        0072A4
_B3EID5                       (abs)        0072A5
_B3EID6                       (abs)        0072A6
_B3EID7                       (abs)        0072A7
_B3EID8                       (abs)        007298
_B3EID9                       (abs)        007299
_B3EIDH                       (abs)        000E53
_B3EIDHbits                   (abs)        000E53
_B3EIDL                       (abs)        000E54
_B3EIDLbits                   (abs)        000E54
_B3EXID                       (abs)        007293
_B3EXIDE                      (abs)        007293
_B3FILHIT0                    (abs)        007280
_B3FILHIT1                    (abs)        007281
_B3FILHIT2                    (abs)        007282
_B3FILHIT3                    (abs)        007283
_B3FILHIT4                    (abs)        007284
_B3IE                         (abs)        006FD5
_B3RB0                        (abs)        0072AC
_B3RB1                        (abs)        0072AD
_B3RTREN                      (abs)        007282
_B3RTRRO                      (abs)        007285
_B3RXFUL                      (abs)        007287
_B3RXM1                       (abs)        007286
_B3RXRTR                      (abs)        0072AE
_B3SID0                       (abs)        007295
_B3SID1                       (abs)        007296
_B3SID10                      (abs)        00728F
_B3SID2                       (abs)        007297
_B3SID3                       (abs)        007288
_B3SID4                       (abs)        007289
_B3SID5                       (abs)        00728A
_B3SID6                       (abs)        00728B
_B3SID7                       (abs)        00728C
_B3SID8                       (abs)        00728D
_B3SID9                       (abs)        00728E
_B3SIDH                       (abs)        000E51
_B3SIDHbits                   (abs)        000E51
_B3SIDL                       (abs)        000E52
_B3SIDLbits                   (abs)        000E52
_B3SRR                        (abs)        007294
_B3TXABT                      (abs)        007286
_B3TXB3IF                     (abs)        007287
_B3TXEN                       (abs)        006FC5
_B3TXERR                      (abs)        007284
_B3TXLARB                     (abs)        007285
_B3TXPRI0                     (abs)        007280
_B3TXPRI1                     (abs)        007281
_B3TXREQ                      (abs)        007283
_B46D77                       (abs)        00736F
_B4CON                        (abs)        000E60
_B4CONbits                    (abs)        000E60
_B4D0                         (abs)        000E66
_B4D00                        (abs)        007330
_B4D01                        (abs)        007331
_B4D02                        (abs)        007332
_B4D03                        (abs)        007333
_B4D04                        (abs)        007334
_B4D05                        (abs)        007335
_B4D06                        (abs)        007336
_B4D07                        (abs)        007337
_B4D0bits                     (abs)        000E66
_B4D1                         (abs)        000E67
_B4D10                        (abs)        007338
_B4D11                        (abs)        007339
_B4D12                        (abs)        00733A
_B4D13                        (abs)        00733B
_B4D14                        (abs)        00733C
_B4D15                        (abs)        00733D
_B4D16                        (abs)        00733E
_B4D17                        (abs)        00733F
_B4D1bits                     (abs)        000E67
_B4D2                         (abs)        000E68
_B4D20                        (abs)        007340
_B4D21                        (abs)        007341
_B4D22                        (abs)        007342
_B4D23                        (abs)        007343
_B4D24                        (abs)        007344
_B4D25                        (abs)        007345
_B4D26                        (abs)        007346
_B4D27                        (abs)        007347
_B4D2bits                     (abs)        000E68
_B4D3                         (abs)        000E69
_B4D30                        (abs)        007348
_B4D31                        (abs)        007349
_B4D32                        (abs)        00734A
_B4D33                        (abs)        00734B
_B4D34                        (abs)        00734C
_B4D35                        (abs)        00734D
_B4D36                        (abs)        00734E
_B4D37                        (abs)        00734F
_B4D3bits                     (abs)        000E69
_B4D4                         (abs)        000E6A
_B4D40                        (abs)        007350
_B4D41                        (abs)        007351
_B4D42                        (abs)        007352
_B4D43                        (abs)        007353
_B4D44                        (abs)        007354
_B4D45                        (abs)        007355
_B4D46                        (abs)        007356
_B4D47                        (abs)        007357
_B4D4bits                     (abs)        000E6A
_B4D5                         (abs)        000E6B
_B4D50                        (abs)        007358
_B4D51                        (abs)        007359
_B4D52                        (abs)        00735A
_B4D53                        (abs)        00735B
_B4D54                        (abs)        00735C
_B4D55                        (abs)        00735D
_B4D56                        (abs)        00735E
_B4D57                        (abs)        00735F
_B4D5bits                     (abs)        000E6B
_B4D6                         (abs)        000E6C
_B4D60                        (abs)        007360
_B4D61                        (abs)        007361
_B4D62                        (abs)        007362
_B4D63                        (abs)        007363
_B4D64                        (abs)        007364
_B4D65                        (abs)        007365
_B4D66                        (abs)        007366
_B4D67                        (abs)        007367
_B4D6bits                     (abs)        000E6C
_B4D7                         (abs)        000E6D
_B4D70                        (abs)        007368
_B4D71                        (abs)        007369
_B4D72                        (abs)        00736A
_B4D73                        (abs)        00736B
_B4D74                        (abs)        00736C
_B4D75                        (abs)        00736D
_B4D76                        (abs)        00736E
_B4D77                        (abs)        00736F
_B4D7bits                     (abs)        000E6D
_B4DLC                        (abs)        000E65
_B4DLC0                       (abs)        007328
_B4DLC1                       (abs)        007329
_B4DLC2                       (abs)        00732A
_B4DLC3                       (abs)        00732B
_B4DLCbits                    (abs)        000E65
_B4EID0                       (abs)        007320
_B4EID1                       (abs)        007321
_B4EID10                      (abs)        00731A
_B4EID11                      (abs)        00731B
_B4EID12                      (abs)        00731C
_B4EID13                      (abs)        00731D
_B4EID14                      (abs)        00731E
_B4EID15                      (abs)        00731F
_B4EID16                      (abs)        007310
_B4EID17                      (abs)        007311
_B4EID2                       (abs)        007322
_B4EID3                       (abs)        007323
_B4EID4                       (abs)        007324
_B4EID5                       (abs)        007325
_B4EID6                       (abs)        007326
_B4EID7                       (abs)        007327
_B4EID8                       (abs)        007318
_B4EID9                       (abs)        007319
_B4EIDH                       (abs)        000E63
_B4EIDHbits                   (abs)        000E63
_B4EIDL                       (abs)        000E64
_B4EIDLbits                   (abs)        000E64
_B4EXID                       (abs)        007313
_B4EXIDE                      (abs)        007313
_B4FILHIT0                    (abs)        007300
_B4FILHIT1                    (abs)        007301
_B4FILHIT2                    (abs)        007302
_B4FILHIT3                    (abs)        007303
_B4FILHIT4                    (abs)        007304
_B4IE                         (abs)        006FD6
_B4RB0                        (abs)        00732C
_B4RB1                        (abs)        00732D
_B4RTREN                      (abs)        007302
_B4RTRRO                      (abs)        007305
_B4RXFUL                      (abs)        007307
_B4RXM1                       (abs)        007306
_B4RXRTR                      (abs)        00732E
_B4SID0                       (abs)        007315
_B4SID1                       (abs)        007316
_B4SID10                      (abs)        00730F
_B4SID2                       (abs)        007317
_B4SID3                       (abs)        007308
_B4SID4                       (abs)        007309
_B4SID5                       (abs)        00730A
_B4SID6                       (abs)        00730B
_B4SID7                       (abs)        00730C
_B4SID8                       (abs)        00730D
_B4SID9                       (abs)        00730E
_B4SIDH                       (abs)        000E61
_B4SIDHbits                   (abs)        000E61
_B4SIDL                       (abs)        000E62
_B4SIDLbits                   (abs)        000E62
_B4SRR                        (abs)        007314
_B4TXABT                      (abs)        007306
_B4TXB3IF                     (abs)        007307
_B4TXEN                       (abs)        006FC6
_B4TXERR                      (abs)        007304
_B4TXLARB                     (abs)        007305
_B4TXPRI0                     (abs)        007300
_B4TXPRI1                     (abs)        007301
_B4TXREQ                      (abs)        007303
_B57D07                       (abs)        0073B7
_B57D23                       (abs)        0073C3
_B5CON                        (abs)        000E70
_B5CONbits                    (abs)        000E70
_B5D0                         (abs)        000E76
_B5D00                        (abs)        0073B0
_B5D01                        (abs)        0073B1
_B5D02                        (abs)        0073B2
_B5D03                        (abs)        0073B3
_B5D04                        (abs)        0073B4
_B5D05                        (abs)        0073B5
_B5D06                        (abs)        0073B6
_B5D07                        (abs)        0073B7
_B5D0bits                     (abs)        000E76
_B5D1                         (abs)        000E77
_B5D10                        (abs)        0073B8
_B5D11                        (abs)        0073B9
_B5D12                        (abs)        0073BA
_B5D13                        (abs)        0073BB
_B5D14                        (abs)        0073BC
_B5D15                        (abs)        0073BD
_B5D16                        (abs)        0073BE
_B5D17                        (abs)        0073BF
_B5D1bits                     (abs)        000E77
_B5D2                         (abs)        000E78
_B5D20                        (abs)        0073C0
_B5D21                        (abs)        0073C1
_B5D22                        (abs)        0073C2
_B5D23                        (abs)        0073C3
_B5D24                        (abs)        0073C4
_B5D25                        (abs)        0073C5
_B5D26                        (abs)        0073C6
_B5D27                        (abs)        0073C7
_B5D2bits                     (abs)        000E78
_B5D3                         (abs)        000E79
_B5D30                        (abs)        0073C8
_B5D31                        (abs)        0073C9
_B5D32                        (abs)        0073CA
_B5D33                        (abs)        0073CB
_B5D34                        (abs)        0073CC
_B5D35                        (abs)        0073CD
_B5D36                        (abs)        0073CE
_B5D37                        (abs)        0073CF
_B5D3bits                     (abs)        000E79
_B5D4                         (abs)        000E7A
_B5D40                        (abs)        0073D0
_B5D41                        (abs)        0073D1
_B5D42                        (abs)        0073D2
_B5D43                        (abs)        0073D3
_B5D44                        (abs)        0073D4
_B5D45                        (abs)        0073D5
_B5D46                        (abs)        0073D6
_B5D47                        (abs)        0073D7
_B5D4bits                     (abs)        000E7A
_B5D5                         (abs)        000E7B
_B5D50                        (abs)        0073D8
_B5D51                        (abs)        0073D9
_B5D52                        (abs)        0073DA
_B5D53                        (abs)        0073DB
_B5D54                        (abs)        0073DC
_B5D55                        (abs)        0073DD
_B5D56                        (abs)        0073DE
_B5D57                        (abs)        0073DF
_B5D5bits                     (abs)        000E7B
_B5D6                         (abs)        000E7C
_B5D60                        (abs)        0073E0
_B5D61                        (abs)        0073E1
_B5D62                        (abs)        0073E2
_B5D63                        (abs)        0073E3
_B5D64                        (abs)        0073E4
_B5D65                        (abs)        0073E5
_B5D66                        (abs)        0073E6
_B5D67                        (abs)        0073E7
_B5D6bits                     (abs)        000E7C
_B5D7                         (abs)        000E7D
_B5D70                        (abs)        0073E8
_B5D71                        (abs)        0073E9
_B5D72                        (abs)        0073EA
_B5D73                        (abs)        0073EB
_B5D74                        (abs)        0073EC
_B5D75                        (abs)        0073ED
_B5D76                        (abs)        0073EE
_B5D77                        (abs)        0073EF
_B5D7bits                     (abs)        000E7D
_B5DLC                        (abs)        000E75
_B5DLC0                       (abs)        0073A8
_B5DLC1                       (abs)        0073A9
_B5DLC2                       (abs)        0073AA
_B5DLC3                       (abs)        0073AB
_B5DLCbits                    (abs)        000E75
_B5EID0                       (abs)        0073A0
_B5EID1                       (abs)        0073A1
_B5EID10                      (abs)        00739A
_B5EID11                      (abs)        00739B
_B5EID12                      (abs)        00739C
_B5EID13                      (abs)        00739D
_B5EID14                      (abs)        00739E
_B5EID15                      (abs)        00739F
_B5EID16                      (abs)        007390
_B5EID17                      (abs)        007391
_B5EID2                       (abs)        0073A2
_B5EID3                       (abs)        0073A3
_B5EID4                       (abs)        0073A4
_B5EID5                       (abs)        0073A5
_B5EID6                       (abs)        0073A6
_B5EID7                       (abs)        0073A7
_B5EID8                       (abs)        007398
_B5EID9                       (abs)        007399
_B5EIDH                       (abs)        000E73
_B5EIDHbits                   (abs)        000E73
_B5EIDL                       (abs)        000E74
_B5EIDLbits                   (abs)        000E74
_B5EXID                       (abs)        007393
_B5EXIDE                      (abs)        007393
_B5FILHIT0                    (abs)        007380
_B5FILHIT1                    (abs)        007381
_B5FILHIT2                    (abs)        007382
_B5FILHIT3                    (abs)        007383
_B5FILHIT4                    (abs)        007384
_B5IE                         (abs)        006FD7
_B5RB0                        (abs)        0073AC
_B5RB1                        (abs)        0073AD
_B5RTREN                      (abs)        007382
_B5RTRRO                      (abs)        007385
_B5RXFUL                      (abs)        007387
_B5RXM1                       (abs)        007386
_B5RXRTR                      (abs)        0073AE
_B5SID0                       (abs)        007395
_B5SID1                       (abs)        007396
_B5SID10                      (abs)        00738F
_B5SID2                       (abs)        007397
_B5SID3                       (abs)        007388
_B5SID4                       (abs)        007389
_B5SID5                       (abs)        00738A
_B5SID6                       (abs)        00738B
_B5SID7                       (abs)        00738C
_B5SID8                       (abs)        00738D
_B5SID9                       (abs)        00738E
_B5SIDH                       (abs)        000E71
_B5SIDHbits                   (abs)        000E71
_B5SIDL                       (abs)        000E72
_B5SIDLbits                   (abs)        000E72
_B5SRR                        (abs)        007394
_B5TXABT                      (abs)        007386
_B5TXBIF                      (abs)        007387
_B5TXEN                       (abs)        006FC7
_B5TXERR                      (abs)        007384
_B5TXLARB                     (abs)        007385
_B5TXPRI0                     (abs)        007380
_B5TXPRI1                     (abs)        007381
_B5TXREQ                      (abs)        007383
_BAUDCON                      (abs)        000FB8
_BAUDCONbits                  (abs)        000FB8
_BAUDCTL                      (abs)        000FB8
_BAUDCTLbits                  (abs)        000FB8
_BCLIE                        (abs)        007D03
_BCLIF                        (abs)        007D0B
_BCLIP                        (abs)        007D13
_BF                           (abs)        007E38
_BGST                         (abs)        007E95
_BIE0                         (abs)        000DFA
_BIE0bits                     (abs)        000DFA
_BOR                          (abs)        007E80
_BRG16                        (abs)        007DC3
_BRGCON1                      (abs)        000F70
_BRGCON1bits                  (abs)        000F70
_BRGCON2                      (abs)        000F71
_BRGCON2bits                  (abs)        000F71
_BRGCON3                      (abs)        000F72
_BRGCON3bits                  (abs)        000F72
_BRGH                         (abs)        007D62
_BRGH1                        (abs)        007D62
_BRP0                         (abs)        007B80
_BRP1                         (abs)        007B81
_BRP2                         (abs)        007B82
_BRP3                         (abs)        007B83
_BRP4                         (abs)        007B84
_BRP5                         (abs)        007B85
_BSEL0                        (abs)        000DF8
_BSEL0bits                    (abs)        000DF8
_BSR                          (abs)        000FE0
_BatteryData                  bssBANK3     000300
_BatteryState                 bssBANK2     000200
_BatteryStateOffset           bssBANK2     00027E
_BatteryVoltage               bssBANK1     000100
_C1INA                        (abs)        007C19
_C1INB                        (abs)        007C18
_C1INV                        (abs)        007DA4
_C1OUT                        (abs)        007DA6
_C2INA                        (abs)        007C1B
_C2INB                        (abs)        007C1A
_C2INV                        (abs)        007DA5
_C2OUT                        (abs)        007DA7
_CANCAP                       (abs)        007B9C
_CANCON                       (abs)        000F6F
_CANCON_RO0                   (abs)        000F5F
_CANCON_RO0bits               (abs)        000F5F
_CANCON_RO1                   (abs)        000F4F
_CANCON_RO1bits               (abs)        000F4F
_CANCON_RO2                   (abs)        000F3F
_CANCON_RO2bits               (abs)        000F3F
_CANCON_RO3                   (abs)        000F2F
_CANCON_RO3bits               (abs)        000F2F
_CANCON_RO4                   (abs)        000E7F
_CANCON_RO4bits               (abs)        000E7F
_CANCON_RO5                   (abs)        000E6F
_CANCON_RO5bits               (abs)        000E6F
_CANCON_RO6                   (abs)        000E5F
_CANCON_RO6bits               (abs)        000E5F
_CANCON_RO7                   (abs)        000E4F
_CANCON_RO7bits               (abs)        000E4F
_CANCON_RO8                   (abs)        000E3F
_CANCON_RO8bits               (abs)        000E3F
_CANCON_RO9                   (abs)        000E2F
_CANCON_RO9bits               (abs)        000E2F
_CANCONbits                   (abs)        000F6F
_CANRX                        (abs)        007C0B
_CANSTAT                      (abs)        000F6E
_CANSTAT_RO0                  (abs)        000F5E
_CANSTAT_RO0bits              (abs)        000F5E
_CANSTAT_RO1                  (abs)        000F4E
_CANSTAT_RO1bits              (abs)        000F4E
_CANSTAT_RO2                  (abs)        000F3E
_CANSTAT_RO2bits              (abs)        000F3E
_CANSTAT_RO3                  (abs)        000F2E
_CANSTAT_RO3bits              (abs)        000F2E
_CANSTAT_RO4                  (abs)        000E7E
_CANSTAT_RO4bits              (abs)        000E7E
_CANSTAT_RO5                  (abs)        000E6E
_CANSTAT_RO5bits              (abs)        000E6E
_CANSTAT_RO6                  (abs)        000E5E
_CANSTAT_RO6bits              (abs)        000E5E
_CANSTAT_RO7                  (abs)        000E4E
_CANSTAT_RO7bits              (abs)        000E4E
_CANSTAT_RO8                  (abs)        000E3E
_CANSTAT_RO8bits              (abs)        000E3E
_CANSTAT_RO9                  (abs)        000E2E
_CANSTAT_RO9bits              (abs)        000E2E
_CANSTATbits                  (abs)        000F6E
_CANTX                        (abs)        007C0A
_CARRY                        (abs)        007EC0
_CCP1                         (abs)        007C12
_CCP10                        (abs)        007C22
_CCP1CON                      (abs)        000FBD
_CCP1CONbits                  (abs)        000FBD
_CCP1IE                       (abs)        007CEA
_CCP1IF                       (abs)        007CF2
_CCP1IP                       (abs)        007CFA
_CCP1M0                       (abs)        007DE8
_CCP1M1                       (abs)        007DE9
_CCP1M2                       (abs)        007DEA
_CCP1M3                       (abs)        007DEB
_CCP2                         (abs)        007C11
_CCP2E                        (abs)        007C27
_CCP2_PA2                     (abs)        007C0B
_CCP6E                        (abs)        007C26
_CCP7E                        (abs)        007C25
_CCP8E                        (abs)        007C24
_CCP9E                        (abs)        007C23
_CCPR1                        (abs)        000FBE
_CCPR1H                       (abs)        000FBF
_CCPR1L                       (abs)        000FBE
_CFGS                         (abs)        007D36
_CHS0                         (abs)        007E12
_CHS1                         (abs)        007E13
_CHS2                         (abs)        007E14
_CHS3                         (abs)        007E15
_CHSN3                        (abs)        007E0B
_CIOCON                       (abs)        000F73
_CIOCONbits                   (abs)        000F73
_CIS                          (abs)        007DA3
_CK                           (abs)        007C16
_CKE                          (abs)        007E3E
_CKP                          (abs)        007E34
_CLKI                         (abs)        007C07
_CLKO                         (abs)        007C06
_CM0                          (abs)        007DA0
_CM1                          (abs)        007DA1
_CM2                          (abs)        007DA2
_CMCON                        (abs)        000FB4
_CMCONbits                    (abs)        000FB4
_CMEN0                        (abs)        007DA0
_CMEN1                        (abs)        007DA1
_CMEN2                        (abs)        007DA2
_CMIE                         (abs)        007D06
_CMIF                         (abs)        007D0E
_CMIP                         (abs)        007D16
_COMSTAT                      (abs)        000F74
_COMSTATbits                  (abs)        000F74
_CREN                         (abs)        007D5C
_CS                           (abs)        007C22
_CSRC                         (abs)        007D67
_CSRC1                        (abs)        007D67
_CVR0                         (abs)        007DA8
_CVR1                         (abs)        007DA9
_CVR2                         (abs)        007DAA
_CVR3                         (abs)        007DAB
_CVRCON                       (abs)        000FB5
_CVRCONbits                   (abs)        000FB5
_CVREN                        (abs)        007DAF
_CVROE                        (abs)        007DAE
_CVROEN                       (abs)        007DAE
_CVRR                         (abs)        007DAD
_CVRSS                        (abs)        007DAC
_DA                           (abs)        007E3D
_DATA_ADDRESS                 (abs)        007E3D
_DC                           (abs)        007EC1
_DC1B0                        (abs)        007DEC
_DC1B1                        (abs)        007DED
_DDRA                         (abs)        000F92
_DDRAbits                     (abs)        000F92
_DDRB                         (abs)        000F93
_DDRBbits                     (abs)        000F93
_DDRC                         (abs)        000F94
_DDRCbits                     (abs)        000F94
_DDRD                         (abs)        000F95
_DDRDbits                     (abs)        000F95
_DDRE                         (abs)        000F96
_DDREbits                     (abs)        000F96
_DFLC0                        (abs)        006EC0
_DFLC1                        (abs)        006EC1
_DFLC2                        (abs)        006EC2
_DFLC3                        (abs)        006EC3
_DFLC4                        (abs)        006EC4
_DONE                         (abs)        007E11
_DRXB0IE                      (abs)        006FD0
_DRXB1IE                      (abs)        006FD1
_DT                           (abs)        007C17
_D_A                          (abs)        007E3D
_D_NOT_A                      (abs)        007E3D
_D_nA                         (abs)        007E3D
_ECANCON                      (abs)        000F77
_ECANCONbits                  (abs)        000F77
_ECCP1                        (abs)        007C1C
_ECCP1AS                      (abs)        000FB6
_ECCP1ASbits                  (abs)        000FB6
_ECCP1CON                     (abs)        000FBA
_ECCP1CONbits                 (abs)        000FBA
_ECCP1DEL                     (abs)        000FB7
_ECCP1DELbits                 (abs)        000FB7
_ECCP1IE                      (abs)        007D00
_ECCP1IF                      (abs)        007D08
_ECCP1IP                      (abs)        007D10
_ECCP1M0                      (abs)        007DD0
_ECCP1M1                      (abs)        007DD1
_ECCP1M2                      (abs)        007DD2
_ECCP1M3                      (abs)        007DD3
_ECCPAS0                      (abs)        007DB4
_ECCPAS1                      (abs)        007DB5
_ECCPAS2                      (abs)        007DB6
_ECCPASE                      (abs)        007DB7
_ECCPR1                       (abs)        000FBB
_ECCPR1H                      (abs)        000FBC
_ECCPR1L                      (abs)        000FBB
_EDC1B0                       (abs)        007DD4
_EDC1B1                       (abs)        007DD5
_EEADR                        (abs)        000FA9
_EEADRH                       (abs)        000FAA
_EECON1                       (abs)        000FA6
_EECON1bits                   (abs)        000FA6
_EECON2                       (abs)        000FA7
_EEDATA                       (abs)        000FA8
_EEFS                         (abs)        007D36
_EEIE                         (abs)        007D04
_EEIF                         (abs)        007D0C
_EEIP                         (abs)        007D14
_EEPGD                        (abs)        007D37
_EICODE0                      (abs)        007B70
_EICODE1                      (abs)        007B71
_EICODE2                      (abs)        007B72
_EICODE3                      (abs)        007B73
_EICODE4                      (abs)        007B74
_ENDRHI                       (abs)        007B9D
_EPWM1M0                      (abs)        007DD6
_EPWM1M1                      (abs)        007DD7
_ERRIE                        (abs)        007D1D
_ERRIF                        (abs)        007D25
_ERRIP                        (abs)        007D2D
_EWARN                        (abs)        007BA0
_EWIN0                        (abs)        007BB8
_EWIN1                        (abs)        007BB9
_EWIN2                        (abs)        007BBA
_EWIN3                        (abs)        007BBB
_EWIN4                        (abs)        007BBC
_F0BP_0                       (abs)        006F00
_F0BP_01                      (abs)        006F00
_F0BP_1                       (abs)        006F01
_F0BP_2                       (abs)        006F02
_F0BP_3                       (abs)        006F03
_F10BP_0                      (abs)        006F28
_F10BP_01                     (abs)        006F28
_F10BP_1                      (abs)        006F29
_F10BP_2                      (abs)        006F2A
_F10BP_3                      (abs)        006F2B
_F11BP_0                      (abs)        006F2C
_F11BP_1                      (abs)        006F2D
_F11BP_2                      (abs)        006F2E
_F11BP_3                      (abs)        006F2F
_F12BP_0                      (abs)        006F30
_F12BP_01                     (abs)        006F30
_F12BP_1                      (abs)        006F31
_F12BP_2                      (abs)        006F32
_F12BP_3                      (abs)        006F33
_F13BP_0                      (abs)        006F34
_F13BP_1                      (abs)        006F35
_F13BP_2                      (abs)        006F36
_F13BP_3                      (abs)        006F37
_F14BP_0                      (abs)        006F38
_F14BP_01                     (abs)        006F38
_F14BP_1                      (abs)        006F39
_F14BP_2                      (abs)        006F3A
_F14BP_3                      (abs)        006F3B
_F15BP_0                      (abs)        006F3C
_F15BP_1                      (abs)        006F3D
_F15BP_2                      (abs)        006F3E
_F15BP_3                      (abs)        006F3F
_F1BP_0                       (abs)        006F04
_F1BP_1                       (abs)        006F05
_F1BP_2                       (abs)        006F06
_F1BP_3                       (abs)        006F07
_F2BP_0                       (abs)        006F08
_F2BP_01                      (abs)        006F08
_F2BP_1                       (abs)        006F09
_F2BP_2                       (abs)        006F0A
_F2BP_3                       (abs)        006F0B
_F3BP_0                       (abs)        006F0C
_F3BP_1                       (abs)        006F0D
_F3BP_2                       (abs)        006F0E
_F3BP_3                       (abs)        006F0F
_F4BP_0                       (abs)        006F10
_F4BP_01                      (abs)        006F10
_F4BP_1                       (abs)        006F11
_F4BP_2                       (abs)        006F12
_F4BP_3                       (abs)        006F13
_F5BP_0                       (abs)        006F14
_F5BP_1                       (abs)        006F15
_F5BP_2                       (abs)        006F16
_F5BP_3                       (abs)        006F17
_F6BP_0                       (abs)        006F18
_F6BP_01                      (abs)        006F18
_F6BP_1                       (abs)        006F19
_F6BP_2                       (abs)        006F1A
_F6BP_3                       (abs)        006F1B
_F7BP_0                       (abs)        006F1C
_F7BP_1                       (abs)        006F1D
_F7BP_2                       (abs)        006F1E
_F7BP_3                       (abs)        006F1F
_F8BP_0                       (abs)        006F20
_F8BP_01                      (abs)        006F20
_F8BP_1                       (abs)        006F21
_F8BP_2                       (abs)        006F22
_F8BP_3                       (abs)        006F23
_F9BP_0                       (abs)        006F24
_F9BP_1                       (abs)        006F25
_F9BP_2                       (abs)        006F26
_F9BP_3                       (abs)        006F27
_FERR                         (abs)        007D5A
_FIFOEMPTY                    (abs)        007BA7
_FIFOMWIE                     (abs)        007D18
_FIFOWM                       (abs)        007BBD
_FIFOWMIE                     (abs)        007D18
_FIFOWMIF                     (abs)        007D20
_FIFOWMIP                     (abs)        007D28
_FIL0_0                       (abs)        006F80
_FIL0_1                       (abs)        006F81
_FIL10_0                      (abs)        006F94
_FIL10_1                      (abs)        006F95
_FIL11_0                      (abs)        006F96
_FIL11_1                      (abs)        006F97
_FIL12_0                      (abs)        006F98
_FIL12_1                      (abs)        006F99
_FIL13_0                      (abs)        006F9A
_FIL13_1                      (abs)        006F9B
_FIL14_0                      (abs)        006F9C
_FIL14_1                      (abs)        006F9D
_FIL15_0                      (abs)        006F9E
_FIL15_1                      (abs)        006F9F
_FIL1_0                       (abs)        006F82
_FIL1_1                       (abs)        006F83
_FIL2_0                       (abs)        006F84
_FIL2_1                       (abs)        006F85
_FIL3_0                       (abs)        006F86
_FIL3_1                       (abs)        006F87
_FIL4_0                       (abs)        006F88
_FIL4_1                       (abs)        006F89
_FIL5_0                       (abs)        006F8A
_FIL5_1                       (abs)        006F8B
_FIL6_0                       (abs)        006F8C
_FIL6_1                       (abs)        006F8D
_FIL7_0                       (abs)        006F8E
_FIL7_1                       (abs)        006F8F
_FIL8_0                       (abs)        006F90
_FIL8_1                       (abs)        006F91
_FIL9_0                       (abs)        006F92
_FIL9_1                       (abs)        006F93
_FLC0                         (abs)        006EC0
_FLC1                         (abs)        006EC1
_FLC2                         (abs)        006EC2
_FLC3                         (abs)        006EC3
_FLC4                         (abs)        006EC4
_FLT0                         (abs)        007C08
_FP0                          (abs)        007B78
_FP1                          (abs)        007B79
_FP2                          (abs)        007B7A
_FP3                          (abs)        007B7B
_FREE                         (abs)        007D34
_FSR0                         (abs)        000FE9
_FSR0H                        (abs)        000FEA
_FSR0L                        (abs)        000FE9
_FSR1                         (abs)        000FE1
_FSR1H                        (abs)        000FE2
_FSR1L                        (abs)        000FE1
_FSR2                         (abs)        000FD9
_FSR2H                        (abs)        000FDA
_FSR2L                        (abs)        000FD9
_FindMax                      text13       0011B4
_GCEN                         (abs)        007E2F
_GIE                          (abs)        007F97
_GIEH                         (abs)        007F97
_GIEL                         (abs)        007F96
_GIE_GIEH                     (abs)        007F97
_GO                           (abs)        007E11
_GODONE                       (abs)        007E11
_GO_DONE                      (abs)        007E11
_GO_NOT_DONE                  (abs)        007E11
_GO_nDONE                     (abs)        007E11
_HLVDCON                      (abs)        000FD2
_HLVDCONbits                  (abs)        000FD2
_HLVDEN                       (abs)        007E94
_HLVDIE                       (abs)        007D02
_HLVDIF                       (abs)        007D0A
_HLVDIN                       (abs)        007C05
_HLVDIP                       (abs)        007D12
_HLVDL0                       (abs)        007E90
_HLVDL1                       (abs)        007E91
_HLVDL2                       (abs)        007E92
_HLVDL3                       (abs)        007E93
_I2C_DAT                      (abs)        007E3D
_I2C_READ                     (abs)        007E3A
_I2C_START                    (abs)        007E3B
_I2C_STOP                     (abs)        007E3C
_IBF                          (abs)        007CB7
_IBOV                         (abs)        007CB5
_IDLEN                        (abs)        007E9F
_INDF0                        (abs)        000FEF
_INDF1                        (abs)        000FE7
_INDF2                        (abs)        000FDF
_INT0                         (abs)        007C08
_INT0E                        (abs)        007F94
_INT0F                        (abs)        007F91
_INT0IE                       (abs)        007F94
_INT0IF                       (abs)        007F91
_INT1                         (abs)        007C09
_INT1E                        (abs)        007F83
_INT1F                        (abs)        007F80
_INT1IE                       (abs)        007F83
_INT1IF                       (abs)        007F80
_INT1IP                       (abs)        007F86
_INT1P                        (abs)        007F86
_INT2                         (abs)        007C0A
_INT2E                        (abs)        007F84
_INT2F                        (abs)        007F81
_INT2IE                       (abs)        007F84
_INT2IF                       (abs)        007F81
_INT2IP                       (abs)        007F87
_INT2P                        (abs)        007F87
_INTCON                       (abs)        000FF2
_INTCON2                      (abs)        000FF1
[...]
      Temps:          0       0       0       0       0       0       0       0       0       0       0       0       0       0
      Totals:         0       0       0       0       0       0       0       0       0       0       0       0       0       0
Total ram usage:        0 bytes
 Hardware stack levels used:    1
 This function calls:
		Nothing
 This function is called by:
		_askAtaForAllData
 This function uses a non-reentrant model


 *************** function _rearangeBatteryData *****************
 Defined at:
		line 577 in file "bms.c"
 Parameters:    Size  Location     Type
  chip            1    wreg     unsigned char 
  out             2    0[COMRAM] PTR PTR int 
		 -> BatteryStateOffset(126), BatteryState(126), 
 Auto vars:     Size  Location     Type
  chip            1    0[COMRAM] unsigned char 
  b               1    2[COMRAM] unsigned char 
  counter         1    0        unsigned char 
 Return value:  Size  Location     Type
		None               void
 Registers used:
		wreg, status,2, status,0
 Tracked objects:
		On entry : 
		On exit  : 
		Unchanged: 
 Data sizes:     COMRAM   BANK0   BANK1   BANK2   BANK3   BANK4   BANK5   BANK6   BANK7   BANK8   BANK9  BANK10  BANK11  BANK12
      Params:         2       0       0       0       0       0       0       0       0       0       0       0       0       0
      Locals:         1       0       0       0       0       0       0       0       0       0       0       0       0       0
      Temps:          0       0       0       0       0       0       0       0       0       0       0       0       0       0
      Totals:         3       0       0       0       0       0       0       0       0       0       0       0       0       0
Total ram usage:        3 bytes
 Hardware stack levels used:    1
 This function calls:
		Nothing
 This function is called by:
		_main
 This function uses a non-reentrant model


 *************** function _voltageCalculation *****************
 Defined at:
		line 594 in file "bms.c"
 Parameters:    Size  Location     Type
  vbat            2   62[COMRAM] PTR PTR float 
		 -> BatteryVoltage(162), 
  acq             2   64[COMRAM] PTR PTR int 
		 -> BatteryState(126), 
  offset          2   66[COMRAM] PTR PTR int 
		 -> BatteryStateOffset(126), 
 Auto vars:     Size  Location     Type
  b               1   69[COMRAM] unsigned char 
  c               1   68[COMRAM] unsigned char 
 Return value:  Size  Location     Type
		None               void
 Registers used:
		wreg, fsr2l, fsr2h, status,2, status,0, prodl, prodh, cstack
 Tracked objects:
		On entry : 
		On exit  : 
		Unchanged: 
 Data sizes:     COMRAM   BANK0   BANK1   BANK2   BANK3   BANK4   BANK5   BANK6   BANK7   BANK8   BANK9  BANK10  BANK11  BANK12
      Params:         6       0       0       0       0       0       0       0       0       0       0       0       0       0
      Locals:         2       0       0       0       0       0       0       0       0       0       0       0       0       0
      Temps:          0       0       0       0       0       0       0       0       0       0       0       0       0       0
      Totals:         8       0       0       0       0       0       0       0       0       0       0       0       0       0
Total ram usage:        8 bytes
 Hardware stack levels used:    1
 Hardware stack levels required when called:    3
 This function calls:
		___awtoft
		___ftsub
		___ftdiv
		___ftmul
 This function is called by:
		_main
 This function uses a non-reentrant model


 *************** function _FindMax *****************
 Defined at:
		line 623 in file "bms.c"
 Parameters:    Size  Location     Type
		None
 Auto vars:     Size  Location     Type
  max             3   15[COMRAM] float 
  chip            1   18[COMRAM] unsigned char 
  bat             1   14[COMRAM] unsigned char 
 Return value:  Size  Location     Type
                  3    9[COMRAM] float 
 Registers used:
		wreg, fsr2l, fsr2h, status,2, status,0, prodl, prodh, cstack
 Tracked objects:
		On entry : 
		On exit  : 
		Unchanged: 
 Data sizes:     COMRAM   BANK0   BANK1   BANK2   BANK3   BANK4   BANK5   BANK6   BANK7   BANK8   BANK9  BANK10  BANK11  BANK12
      Params:         3       0       0       0       0       0       0       0       0       0       0       0       0       0
      Locals:         5       0       0       0       0       0       0       0       0       0       0       0       0       0
      Temps:          2       0       0       0       0       0       0       0       0       0       0       0       0       0
      Totals:        10       0       0       0       0       0       0       0       0       0       0       0       0       0
Total ram usage:       10 bytes
 Hardware stack levels used:    1
 Hardware stack levels required when called:    1
 This function calls:
		___ftge
 This function is called by:
		_main
 This function uses a non-reentrant model


 *************** function _putsUSART *****************
 Defined at:
		line 15 in file "plib/USART/uputs.c"
 Parameters:    Size  Location     Type
  data            2    1[COMRAM] PTR unsigned char 
		 -> BatteryVoltage(162), 
 Auto vars:     Size  Location     Type
		None
 Return value:  Size  Location     Type
		None               void
 Registers used:
		wreg, fsr2l, fsr2h, status,2, status,0, cstack
 Tracked objects:
		On entry : 
		On exit  : 
		Unchanged: 
 Data sizes:     COMRAM   BANK0   BANK1   BANK2   BANK3   BANK4   BANK5   BANK6   BANK7   BANK8   BANK9  BANK10  BANK11  BANK12
      Params:         2       0       0       0       0       0       0       0       0       0       0       0       0       0
      Locals:         0       0       0       0       0       0       0       0       0       0       0       0       0       0
      Temps:          0       0       0       0       0       0       0       0       0       0       0       0       0       0
      Totals:         2       0       0       0       0       0       0       0       0       0       0       0       0       0
Total ram usage:        2 bytes
 Hardware stack levels used:    1
 Hardware stack levels required when called:    1
 This function calls:
		_WriteUSART
 This function is called by:
		_main
 This function uses a non-reentrant model


 *************** function _WriteUSART *****************
 Defined at:
		line 14 in file "plib/USART/uwrite.c"
 Parameters:    Size  Location     Type
  data            1    wreg     unsigned char 
 Auto vars:     Size  Location     Type
  data            1    0[COMRAM] unsigned char 
 Return value:  Size  Location     Type
		None               void
 Registers used:
		wreg
 Tracked objects:
		On entry : 
		On exit  : 
		Unchanged: 
 Data sizes:     COMRAM   BANK0   BANK1   BANK2   BANK3   BANK4   BANK5   BANK6   BANK7   BANK8   BANK9  BANK10  BANK11  BANK12
      Params:         0       0       0       0       0       0       0       0       0       0       0       0       0       0
      Locals:         1       0       0       0       0       0       0       0       0       0       0       0       0       0
      Temps:          0       0       0       0       0       0       0       0       0       0       0       0       0       0
      Totals:         1       0       0       0       0       0       0       0       0       0       0       0       0       0
Total ram usage:        1 bytes
 Hardware stack levels used:    1
 This function calls:
		Nothing
 This function is called by:
		_main
		_putsUSART
 This function uses a non-reentrant model


 *************** function ___awtoft *****************
 Defined at:
		line 33 in file "/opt/microchip/xc8/v1.10/sources/awtoft.c"
 Parameters:    Size  Location     Type
  c               2    8[COMRAM] int 
 Auto vars:     Size  Location     Type
  sign            1   11[COMRAM] unsigned char 
 Return value:  Size  Location     Type
                  3    8[COMRAM] float 
 Registers used:
		wreg, status,2, status,0, cstack
 Tracked objects:
		On entry : 
		On exit  : 
		Unchanged: 
 Data sizes:     COMRAM   BANK0   BANK1   BANK2   BANK3   BANK4   BANK5   BANK6   BANK7   BANK8   BANK9  BANK10  BANK11  BANK12
      Params:         3       0       0       0       0       0       0       0       0       0       0       0       0       0
      Locals:         1       0       0       0       0       0       0       0       0       0       0       0       0       0
      Temps:          0       0       0       0       0       0       0       0       0       0       0       0       0       0
      Totals:         4       0       0       0       0       0       0       0       0       0       0       0       0       0
Total ram usage:        4 bytes
 Hardware stack levels used:    1
 Hardware stack levels required when called:    1
 This function calls:
		___ftpack
 This function is called by:
		_voltageCalculation
 This function uses a non-reentrant model


 *************** function ___ftdiv *****************
 Defined at:
		line 50 in file "/opt/microchip/xc8/v1.10/sources/ftdiv.c"
 Parameters:    Size  Location     Type
  f1              3   22[COMRAM] float 
  f2              3   25[COMRAM] float 
 Auto vars:     Size  Location     Type
  f3              3   34[COMRAM] float 
  sign            1   38[COMRAM] unsigned char 
  exp             1   37[COMRAM] unsigned char 
  cntr            1   33[COMRAM] unsigned char 
 Return value:  Size  Location     Type
                  3   22[COMRAM] float 
 Registers used:
		wreg, status,2, status,0, cstack
 Tracked objects:
		On entry : 
		On exit  : 
		Unchanged: 
 Data sizes:     COMRAM   BANK0   BANK1   BANK2   BANK3   BANK4   BANK5   BANK6   BANK7   BANK8   BANK9  BANK10  BANK11  BANK12
      Params:         6       0       0       0       0       0       0       0       0       0       0       0       0       0
      Locals:         6       0       0       0       0       0       0       0       0       0       0       0       0       0
      Temps:          5       0       0       0       0       0       0       0       0       0       0       0       0       0
      Totals:        17       0       0       0       0       0       0       0       0       0       0       0       0       0
Total ram usage:       17 bytes
 Hardware stack levels used:    1
 Hardware stack levels required when called:    1
 This function calls:
		___ftpack
 This function is called by:
		_voltageCalculation
 This function uses a non-reentrant model


 *************** function ___ftge *****************
 Defined at:
		line 5 in file "/opt/microchip/xc8/v1.10/sources/ftge.c"
 Parameters:    Size  Location     Type
  ff1             3    0[COMRAM] float 
  ff2             3    3[COMRAM] float 
 Auto vars:     Size  Location     Type
		None
 Return value:  Size  Location     Type
		None               void
 Registers used:
		wreg, status,2, status,0
 Tracked objects:
		On entry : 
		On exit  : 
		Unchanged: 
 Data sizes:     COMRAM   BANK0   BANK1   BANK2   BANK3   BANK4   BANK5   BANK6   BANK7   BANK8   BANK9  BANK10  BANK11  BANK12
      Params:         6       0       0       0       0       0       0       0       0       0       0       0       0       0
      Locals:         0       0       0       0       0       0       0       0       0       0       0       0       0       0
      Temps:          3       0       0       0       0       0       0       0       0       0       0       0       0       0
      Totals:         9       0       0       0       0       0       0       0       0       0       0       0       0       0
Total ram usage:        9 bytes
 Hardware stack levels used:    1
 This function calls:
		Nothing
 This function is called by:
		_FindMax
		_main
 This function uses a non-reentrant model


 *************** function ___ftmul *****************
 Defined at:
		line 52 in file "/opt/microchip/xc8/v1.10/sources/ftmul.c"
 Parameters:    Size  Location     Type
  f1              3   39[COMRAM] float 
  f2              3   42[COMRAM] float 
 Auto vars:     Size  Location     Type
  f3_as_produc    3   51[COMRAM] unsigned um
  sign            1   55[COMRAM] unsigned char 
  cntr            1   54[COMRAM] unsigned char 
  exp             1   50[COMRAM] unsigned char 
 Return value:  Size  Location     Type
                  3   39[COMRAM] float 
 Registers used:
		wreg, status,2, status,0, cstack
 Tracked objects:
		On entry : 
		On exit  : 
		Unchanged: 
 Data sizes:     COMRAM   BANK0   BANK1   BANK2   BANK3   BANK4   BANK5   BANK6   BANK7   BANK8   BANK9  BANK10  BANK11  BANK12
      Params:         6       0       0       0       0       0       0       0       0       0       0       0       0       0
      Locals:         6       0       0       0       0       0       0       0       0       0       0       0       0       0
      Temps:          5       0       0       0       0       0       0       0       0       0       0       0       0       0
      Totals:        17       0       0       0       0       0       0       0       0       0       0       0       0       0
Total ram usage:       17 bytes
 Hardware stack levels used:    1
 Hardware stack levels required when called:    1
 This function calls:
		___ftpack
 This function is called by:
		_voltageCalculation
 This function uses a non-reentrant model


 *************** function ___ftsub *****************
 Defined at:
		line 22 in file "/opt/microchip/xc8/v1.10/sources/ftsub.c"
 Parameters:    Size  Location     Type
  f1              3   56[COMRAM] float 
  f2              3   59[COMRAM] float 
 Auto vars:     Size  Location     Type
		None
 Return value:  Size  Location     Type
                  3   56[COMRAM] float 
 Registers used:
		wreg, status,2, status,0, cstack
 Tracked objects:
		On entry : 
		On exit  : 
		Unchanged: 
 Data sizes:     COMRAM   BANK0   BANK1   BANK2   BANK3   BANK4   BANK5   BANK6   BANK7   BANK8   BANK9  BANK10  BANK11  BANK12
      Params:         6       0       0       0       0       0       0       0       0       0       0       0       0       0
      Locals:         0       0       0       0       0       0       0       0       0       0       0       0       0       0
      Temps:          0       0       0       0       0       0       0       0       0       0       0       0       0       0
      Totals:         6       0       0       0       0       0       0       0       0       0       0       0       0       0
Total ram usage:        6 bytes
 Hardware stack levels used:    1
 Hardware stack levels required when called:    2
 This function calls:
		___ftadd
 This function is called by:
		_voltageCalculation
 This function uses a non-reentrant model


 *************** function ___ftpack *****************
 Defined at:
		line 63 in file "/opt/microchip/xc8/v1.10/sources/float.c"
 Parameters:    Size  Location     Type
  arg             3    0[COMRAM] unsigned um
  exp             1    3[COMRAM] unsigned char 
  sign            1    4[COMRAM] unsigned char 
 Auto vars:     Size  Location     Type
		None
 Return value:  Size  Location     Type
                  3    0[COMRAM] float 
 Registers used:
		wreg, status,2, status,0
 Tracked objects:
		On entry : 
		On exit  : 
		Unchanged: 
 Data sizes:     COMRAM   BANK0   BANK1   BANK2   BANK3   BANK4   BANK5   BANK6   BANK7   BANK8   BANK9  BANK10  BANK11  BANK12
      Params:         5       0       0       0       0       0       0       0       0       0       0       0       0       0
      Locals:         0       0       0       0       0       0       0       0       0       0       0       0       0       0
      Temps:          3       0       0       0       0       0       0       0       0       0       0       0       0       0
      Totals:         8       0       0       0       0       0       0       0       0       0       0       0       0       0
Total ram usage:        8 bytes
 Hardware stack levels used:    1
 This function calls:
		Nothing
 This function is called by:
		___awtoft
		___ftadd
		___ftdiv
		___ftmul
 This function uses a non-reentrant model


 *************** function ___ftadd *****************
 Defined at:
		line 87 in file "/opt/microchip/xc8/v1.10/sources/ftadd.c"
 Parameters:    Size  Location     Type
  f1              3    8[COMRAM] float 
  f2              3   11[COMRAM] float 
 Auto vars:     Size  Location     Type
  exp1            1   21[COMRAM] unsigned char 
  exp2            1   20[COMRAM] unsigned char 
  sign            1   19[COMRAM] unsigned char 
 Return value:  Size  Location     Type
                  3    8[COMRAM] float 
 Registers used:
		wreg, status,2, status,0, cstack
 Tracked objects:
		On entry : 
		On exit  : 
		Unchanged: 
 Data sizes:     COMRAM   BANK0   BANK1   BANK2   BANK3   BANK4   BANK5   BANK6   BANK7   BANK8   BANK9  BANK10  BANK11  BANK12
      Params:         6       0       0       0       0       0       0       0       0       0       0       0       0       0
      Locals:         3       0       0       0       0       0       0       0       0       0       0       0       0       0
      Temps:          5       0       0       0       0       0       0       0       0       0       0       0       0       0
      Totals:        14       0       0       0       0       0       0       0       0       0       0       0       0       0
Total ram usage:       14 bytes
 Hardware stack levels used:    1
 Hardware stack levels required when called:    1
 This function calls:
		___ftpack
 This function is called by:
		___ftsub
 This function uses a non-reentrant model



MODULE INFORMATION

Module		Function		Class		Link	Load	Size
/opt/microchip/xc8/v1.10/sources/ftdiv.c
		___ftdiv       		CODE           	13B4	0000	222

/opt/microchip/xc8/v1.10/sources/ftdiv.c estimated size: 222

/opt/microchip/xc8/v1.10/sources/ftsub.c
		___ftsub       		CODE           	17EA	0000	46

/opt/microchip/xc8/v1.10/sources/ftsub.c estimated size: 46

plib/SPI/spi_read.c
		_ReadSPI       		CODE           	1878	0000	14

plib/SPI/spi_read.c estimated size: 14

/opt/microchip/xc8/v1.10/sources/ftmul.c
		___ftmul       		CODE           	12BA	0000	250

/opt/microchip/xc8/v1.10/sources/ftmul.c estimated size: 250

shared
		__stringdata   		SMALLCONST     	0D00	0000	2
		__initializatio		CODE           	16C8	0000	60

shared estimated size: 62

plib/USART/uputs.c
		_putsUSART     		CODE           	1818	0000	38

plib/USART/uputs.c estimated size: 38

plib/USART/uopen.c
		_OpenUSART     		CODE           	15C6	0000	92

plib/USART/uopen.c estimated size: 92

/opt/microchip/xc8/v1.10/sources/ftge.c
		___ftge        		CODE           	1622	0000	88

/opt/microchip/xc8/v1.10/sources/ftge.c estimated size: 88

plib/SPI/spi_open.c
		_OpenSPI       		CODE           	167A	0000	78

plib/SPI/spi_open.c estimated size: 78

/opt/microchip/xc8/v1.10/sources/ftadd.c
		___ftadd       		CODE           	0F22	0000	376

/opt/microchip/xc8/v1.10/sources/ftadd.c estimated size: 376

bms.c
		_initSpi       		CODE           	1892	0000	6
		_delay         		CODE           	17BA	0000	48
		_main          		CODE           	0D04	0000	2692
		_askAtaForAllDa		CODE           	1492	0000	160
		_rearangeBatter		CODE           	1886	0000	12
		_FindMax       		CODE           	11B4	0000	262
		_voltageCalcula		CODE           	109A	0000	282
		_sendAtaData   		CODE           	1712	0000	64
		_initPWM       		CODE           	186A	0000	14
		_initApp       		CODE           	1788	0000	50

bms.c estimated size: 3590

/opt/microchip/xc8/v1.10/sources/float.c
		___ftpack      		CODE           	1532	0000	148

/opt/microchip/xc8/v1.10/sources/float.c estimated size: 148

/opt/microchip/xc8/v1.10/sources/awtoft.c
		___awtoft      		CODE           	1752	0000	54

/opt/microchip/xc8/v1.10/sources/awtoft.c estimated size: 54

plib/USART/uwrite.c
		_WriteUSART    		CODE           	1856	0000	20

plib/USART/uwrite.c estimated size: 20

plib/SPI/spi_writ.c
		_WriteSPI      		CODE           	183E	0000	24

plib/SPI/spi_writ.c estimated size: 24

